Component: ARM Compiler 6.14.1 Tool: armlink [5db06d00]

==============================================================================

Section Cross References

    main.o(.text.main) refers to dac.o(.text.Init_DAC) for Init_DAC
    main.o(.text.main) refers to dat_prep.o(.text.init_array) for init_array
    main.o(.text.main) refers to ps2.o(.text.Ps2_comm_init) for Ps2_comm_init
    main.o(.text.main) refers to adc.o(.text.init_ADC) for init_ADC
    main.o(.text.main) refers to pit.o(.text.PIT_init) for PIT_init
    main.o(.text.main) refers to ps2.o(.text.chck_if_dat_rdy) for chck_if_dat_rdy
    main.o(.text.main) refers to dat_prep.o(.text.decode_keys) for decode_keys
    main.o(.ARM.exidx.text.main) refers to main.o(.text.main) for [Anonymous Symbol]
    ps2.o(.text.dat_buff_handler) refers to ps2.o(.bss.data_buffer_offset) for [Anonymous Symbol]
    ps2.o(.text.dat_buff_handler) refers to ps2.o(.bss.data_buffer) for [Anonymous Symbol]
    ps2.o(.text.dat_buff_handler) refers to ps2.o(.bss.data) for [Anonymous Symbol]
    ps2.o(.text.dat_buff_handler) refers to ps2.o(.bss.data_ready) for [Anonymous Symbol]
    ps2.o(.ARM.exidx.text.dat_buff_handler) refers to ps2.o(.text.dat_buff_handler) for [Anonymous Symbol]
    ps2.o(.ARM.exidx.text.pow2) refers to ps2.o(.text.pow2) for [Anonymous Symbol]
    ps2.o(.text.reset_data_rdy) refers to ps2.o(.bss.data_ready) for [Anonymous Symbol]
    ps2.o(.ARM.exidx.text.reset_data_rdy) refers to ps2.o(.text.reset_data_rdy) for [Anonymous Symbol]
    ps2.o(.text.chck_if_dat_rdy) refers to ps2.o(.bss.data_ready) for [Anonymous Symbol]
    ps2.o(.ARM.exidx.text.chck_if_dat_rdy) refers to ps2.o(.text.chck_if_dat_rdy) for [Anonymous Symbol]
    ps2.o(.text.get_data) refers to ps2.o(.bss.data) for [Anonymous Symbol]
    ps2.o(.ARM.exidx.text.get_data) refers to ps2.o(.text.get_data) for [Anonymous Symbol]
    ps2.o(.text.Ps2_comm_init) refers to ps2.o(.text.__NVIC_ClearPendingIRQ) for __NVIC_ClearPendingIRQ
    ps2.o(.text.Ps2_comm_init) refers to ps2.o(.text.__NVIC_SetPriority) for __NVIC_SetPriority
    ps2.o(.text.Ps2_comm_init) refers to ps2.o(.text.__NVIC_EnableIRQ) for __NVIC_EnableIRQ
    ps2.o(.ARM.exidx.text.Ps2_comm_init) refers to ps2.o(.text.Ps2_comm_init) for [Anonymous Symbol]
    ps2.o(.ARM.exidx.text.__NVIC_ClearPendingIRQ) refers to ps2.o(.text.__NVIC_ClearPendingIRQ) for [Anonymous Symbol]
    ps2.o(.ARM.exidx.text.__NVIC_SetPriority) refers to ps2.o(.text.__NVIC_SetPriority) for [Anonymous Symbol]
    ps2.o(.ARM.exidx.text.__NVIC_EnableIRQ) refers to ps2.o(.text.__NVIC_EnableIRQ) for [Anonymous Symbol]
    ps2.o(.text.PORTB_IRQHandler) refers to ps2.o(.text.pow2) for pow2
    ps2.o(.text.PORTB_IRQHandler) refers to ps2.o(.text.dat_buff_handler) for dat_buff_handler
    ps2.o(.text.PORTB_IRQHandler) refers to ps2.o(.bss.bit_idx) for [Anonymous Symbol]
    ps2.o(.text.PORTB_IRQHandler) refers to ps2.o(.bss.data_frame) for [Anonymous Symbol]
    ps2.o(.text.PORTB_IRQHandler) refers to ps2.o(.bss.data_ready) for [Anonymous Symbol]
    ps2.o(.text.PORTB_IRQHandler) refers to ps2.o(.bss.data) for [Anonymous Symbol]
    ps2.o(.ARM.exidx.text.PORTB_IRQHandler) refers to ps2.o(.text.PORTB_IRQHandler) for [Anonymous Symbol]
    ps2.o(.text.get_dat_buff) refers to ps2.o(.bss.data_buffer) for [Anonymous Symbol]
    ps2.o(.ARM.exidx.text.get_dat_buff) refers to ps2.o(.text.get_dat_buff) for [Anonymous Symbol]
    dac.o(.ARM.exidx.text.Init_DAC) refers to dac.o(.text.Init_DAC) for [Anonymous Symbol]
    dac.o(.ARM.exidx.text.convert) refers to dac.o(.text.convert) for [Anonymous Symbol]
    dat_prep.o(.text.init_array) refers to dat_prep.o(.bss.idx_of_track_arr) for [Anonymous Symbol]
    dat_prep.o(.text.init_array) refers to dat_prep.o(.bss.key_make_code) for [Anonymous Symbol]
    dat_prep.o(.text.init_array) refers to dat_prep.o(.bss.track_available_idx_stack) for [Anonymous Symbol]
    dat_prep.o(.text.init_array) refers to dat_prep.o(.bss.stack_ptr) for [Anonymous Symbol]
    dat_prep.o(.ARM.exidx.text.init_array) refers to dat_prep.o(.text.init_array) for [Anonymous Symbol]
    dat_prep.o(.text.get_idx_from_stack) refers to dat_prep.o(.bss.stack_ptr) for [Anonymous Symbol]
    dat_prep.o(.text.get_idx_from_stack) refers to dat_prep.o(.bss.track_available_idx_stack) for [Anonymous Symbol]
    dat_prep.o(.ARM.exidx.text.get_idx_from_stack) refers to dat_prep.o(.text.get_idx_from_stack) for [Anonymous Symbol]
    dat_prep.o(.text.push_idx_to_stack) refers to dat_prep.o(.bss.stack_ptr) for [Anonymous Symbol]
    dat_prep.o(.text.push_idx_to_stack) refers to dat_prep.o(.bss.track_available_idx_stack) for [Anonymous Symbol]
    dat_prep.o(.ARM.exidx.text.push_idx_to_stack) refers to dat_prep.o(.text.push_idx_to_stack) for [Anonymous Symbol]
    dat_prep.o(.text.get_tune_idx_arr) refers to dat_prep.o(.bss.idx_of_track_arr) for [Anonymous Symbol]
    dat_prep.o(.ARM.exidx.text.get_tune_idx_arr) refers to dat_prep.o(.text.get_tune_idx_arr) for [Anonymous Symbol]
    dat_prep.o(.text.decode_keys) refers to ps2.o(.text.reset_data_rdy) for reset_data_rdy
    dat_prep.o(.text.decode_keys) refers to ps2.o(.text.get_dat_buff) for get_dat_buff
    dat_prep.o(.text.decode_keys) refers to dat_prep.o(.text.get_idx_from_stack) for get_idx_from_stack
    dat_prep.o(.text.decode_keys) refers to dat_prep.o(.text.push_idx_to_stack) for push_idx_to_stack
    dat_prep.o(.text.decode_keys) refers to dat_prep.o(.bss.idx_of_track_arr) for [Anonymous Symbol]
    dat_prep.o(.text.decode_keys) refers to dat_prep.o(.bss.key_make_code) for [Anonymous Symbol]
    dat_prep.o(.ARM.exidx.text.decode_keys) refers to dat_prep.o(.text.decode_keys) for [Anonymous Symbol]
    dsp.o(.text.assemble_samples) refers to adc.o(.text.trigger_measure) for trigger_measure
    dsp.o(.text.assemble_samples) refers to dsp.o(.text.normalise) for normalise
    dsp.o(.text.assemble_samples) refers to adc.o(.text.return_measurement) for return_measurement
    dsp.o(.text.assemble_samples) refers to dflti.o(.text) for __aeabi_ui2d
    dsp.o(.text.assemble_samples) refers to ddiv.o(.text) for __aeabi_ddiv
    dsp.o(.text.assemble_samples) refers to dmul.o(.text) for __aeabi_dmul
    dsp.o(.text.assemble_samples) refers to dfixi.o(.text) for __aeabi_d2iz
    dsp.o(.text.assemble_samples) refers to dac.o(.text.convert) for convert
    dsp.o(.text.assemble_samples) refers to dsp.o(.bss.sample_counter) for [Anonymous Symbol]
    dsp.o(.text.assemble_samples) refers to dsp.o(.rodata.sounds) for [Anonymous Symbol]
    dsp.o(.ARM.exidx.text.assemble_samples) refers to dsp.o(.text.assemble_samples) for [Anonymous Symbol]
    dsp.o(.text.normalise) refers to dflti.o(.text) for __aeabi_ui2d
    dsp.o(.text.normalise) refers to dmul.o(.text) for __aeabi_dmul
    dsp.o(.text.normalise) refers to ddiv.o(.text) for __aeabi_ddiv
    dsp.o(.text.normalise) refers to floor.o(i.floor) for floor
    dsp.o(.text.normalise) refers to dfixi.o(.text) for __aeabi_d2iz
    dsp.o(.ARM.exidx.text.normalise) refers to dsp.o(.text.normalise) for [Anonymous Symbol]
    dsp.o(.text.get_sample_counter) refers to dsp.o(.bss.sample_counter) for [Anonymous Symbol]
    dsp.o(.ARM.exidx.text.get_sample_counter) refers to dsp.o(.text.get_sample_counter) for [Anonymous Symbol]
    dsp.o(.text.set_sample_counter) refers to dsp.o(.bss.sample_counter) for [Anonymous Symbol]
    dsp.o(.ARM.exidx.text.set_sample_counter) refers to dsp.o(.text.set_sample_counter) for [Anonymous Symbol]
    pit.o(.text.PIT_init) refers to pit.o(.text.__NVIC_ClearPendingIRQ) for __NVIC_ClearPendingIRQ
    pit.o(.text.PIT_init) refers to pit.o(.text.__NVIC_SetPriority) for __NVIC_SetPriority
    pit.o(.text.PIT_init) refers to pit.o(.text.__NVIC_EnableIRQ) for __NVIC_EnableIRQ
    pit.o(.text.PIT_init) refers to dat_prep.o(.text.get_tune_idx_arr) for get_tune_idx_arr
    pit.o(.text.PIT_init) refers to pit.o(.bss.tune_idx_arr) for [Anonymous Symbol]
    pit.o(.ARM.exidx.text.PIT_init) refers to pit.o(.text.PIT_init) for [Anonymous Symbol]
    pit.o(.ARM.exidx.text.__NVIC_ClearPendingIRQ) refers to pit.o(.text.__NVIC_ClearPendingIRQ) for [Anonymous Symbol]
    pit.o(.ARM.exidx.text.__NVIC_SetPriority) refers to pit.o(.text.__NVIC_SetPriority) for [Anonymous Symbol]
    pit.o(.ARM.exidx.text.__NVIC_EnableIRQ) refers to pit.o(.text.__NVIC_EnableIRQ) for [Anonymous Symbol]
    pit.o(.text.PIT_IRQHandler) refers to dsp.o(.text.assemble_samples) for assemble_samples
    pit.o(.text.PIT_IRQHandler) refers to pit.o(.bss.tune_idx_arr) for [Anonymous Symbol]
    pit.o(.ARM.exidx.text.PIT_IRQHandler) refers to pit.o(.text.PIT_IRQHandler) for [Anonymous Symbol]
    adc.o(.ARM.exidx.text.init_ADC) refers to adc.o(.text.init_ADC) for [Anonymous Symbol]
    adc.o(.ARM.exidx.text.trigger_measure) refers to adc.o(.text.trigger_measure) for [Anonymous Symbol]
    adc.o(.ARM.exidx.text.return_measurement) refers to adc.o(.text.return_measurement) for [Anonymous Symbol]
    startup_mkl05z4.o(STACK) refers (Special) to heapauxi.o(.text) for __use_two_region_memory
    startup_mkl05z4.o(HEAP) refers (Special) to heapauxi.o(.text) for __use_two_region_memory
    startup_mkl05z4.o(RESET) refers (Special) to heapauxi.o(.text) for __use_two_region_memory
    startup_mkl05z4.o(RESET) refers to startup_mkl05z4.o(STACK) for __initial_sp
    startup_mkl05z4.o(RESET) refers to startup_mkl05z4.o(.text) for Reset_Handler
    startup_mkl05z4.o(RESET) refers to pit.o(.text.PIT_IRQHandler) for PIT_IRQHandler
    startup_mkl05z4.o(RESET) refers to ps2.o(.text.PORTB_IRQHandler) for PORTB_IRQHandler
    startup_mkl05z4.o(.ARM.__at_0x400) refers (Special) to heapauxi.o(.text) for __use_two_region_memory
    startup_mkl05z4.o(.text) refers (Special) to heapauxi.o(.text) for __use_two_region_memory
    startup_mkl05z4.o(.text) refers to system_mkl05z4.o(.text.SystemInit) for SystemInit
    startup_mkl05z4.o(.text) refers to __main.o(!!!main) for __main
    startup_mkl05z4.o(.text) refers to startup_mkl05z4.o(HEAP) for Heap_Mem
    startup_mkl05z4.o(.text) refers to startup_mkl05z4.o(STACK) for Stack_Mem
    system_mkl05z4.o(.ARM.exidx.text.SystemInit) refers to system_mkl05z4.o(.text.SystemInit) for [Anonymous Symbol]
    system_mkl05z4.o(.text.SystemCoreClockUpdate) refers to aeabi_sdivfast.o(.text_divfast) for __aeabi_uidiv
    system_mkl05z4.o(.text.SystemCoreClockUpdate) refers to system_mkl05z4.o(.data.SystemCoreClock) for SystemCoreClock
    system_mkl05z4.o(.ARM.exidx.text.SystemCoreClockUpdate) refers to system_mkl05z4.o(.text.SystemCoreClockUpdate) for [Anonymous Symbol]
    __main.o(!!!main) refers to __rtentry.o(.ARM.Collect$$rtentry$$00000000) for __rt_entry
    ddiv.o(.text) refers (Special) to usenofp.o(x$fpl$usenofp) for __I$use$fp
    ddiv.o(.text) refers to ddiv.o(.constdata) for .constdata
    ddiv.o(.constdata) refers (Special) to usenofp.o(x$fpl$usenofp) for __I$use$fp
    dfixi.o(.text) refers (Special) to usenofp.o(x$fpl$usenofp) for __I$use$fp
    dflti.o(.text) refers (Special) to usenofp.o(x$fpl$usenofp) for __I$use$fp
    dmul.o(.text) refers (Special) to usenofp.o(x$fpl$usenofp) for __I$use$fp
    floor.o(i.__softfp_floor) refers (Special) to usenofp.o(x$fpl$usenofp) for __I$use$fp
    floor.o(i.__softfp_floor) refers to floor.o(i.floor) for floor
    floor.o(i.floor) refers (Special) to usenofp.o(x$fpl$usenofp) for __I$use$fp
    floor.o(i.floor) refers to daddsub.o(.text) for __aeabi_dadd
    floor.o(i.floor) refers to drlef.o(x$fpl$drleqf) for __aeabi_cdrcmple
    __rtentry.o(.ARM.Collect$$rtentry$$00000000) refers (Special) to __rtentry2.o(.ARM.Collect$$rtentry$$0000000A) for __rt_entry_li
    __rtentry.o(.ARM.Collect$$rtentry$$00000000) refers (Special) to __rtentry2.o(.ARM.Collect$$rtentry$$0000000D) for __rt_entry_main
    __rtentry.o(.ARM.Collect$$rtentry$$00000000) refers (Special) to __rtentry2.o(.ARM.Collect$$rtentry$$0000000C) for __rt_entry_postli_1
    __rtentry.o(.ARM.Collect$$rtentry$$00000000) refers (Special) to __rtentry2.o(.ARM.Collect$$rtentry$$00000009) for __rt_entry_postsh_1
    __rtentry.o(.ARM.Collect$$rtentry$$00000000) refers (Special) to __rtentry2.o(.ARM.Collect$$rtentry$$00000002) for __rt_entry_presh_1
    __rtentry.o(.ARM.Collect$$rtentry$$00000000) refers (Special) to __rtentry4.o(.ARM.Collect$$rtentry$$00000004) for __rt_entry_sh
    aeabi_idiv0_sigfpe.o(.text) refers to rt_div0.o(.text) for __rt_div0
    daddsub.o(.text) refers (Special) to usenofp.o(x$fpl$usenofp) for __I$use$fp
    drlef.o(x$fpl$drleqf) refers (Special) to usenofp.o(x$fpl$usenofp) for __I$use$fp
    drlef.o(x$fpl$drleqf) refers to dcmpin.o(.text) for __fpl_dcmp_InfNaN
    __rtentry2.o(.ARM.Collect$$rtentry$$00000008) refers to boardinit2.o(.text) for _platform_post_stackheap_init
    __rtentry2.o(.ARM.Collect$$rtentry$$0000000A) refers to libinit.o(.ARM.Collect$$libinit$$00000000) for __rt_lib_init
    __rtentry2.o(.ARM.Collect$$rtentry$$0000000B) refers to boardinit3.o(.text) for _platform_post_lib_init
    __rtentry2.o(.ARM.Collect$$rtentry$$0000000D) refers to main.o(.text.main) for main
    __rtentry2.o(.ARM.Collect$$rtentry$$0000000D) refers to exit.o(.text) for exit
    __rtentry2.o(.ARM.exidx) refers to __rtentry2.o(.ARM.Collect$$rtentry$$00000001) for .ARM.Collect$$rtentry$$00000001
    __rtentry2.o(.ARM.exidx) refers to __rtentry2.o(.ARM.Collect$$rtentry$$00000008) for .ARM.Collect$$rtentry$$00000008
    __rtentry2.o(.ARM.exidx) refers to __rtentry2.o(.ARM.Collect$$rtentry$$0000000A) for .ARM.Collect$$rtentry$$0000000A
    __rtentry2.o(.ARM.exidx) refers to __rtentry2.o(.ARM.Collect$$rtentry$$0000000B) for .ARM.Collect$$rtentry$$0000000B
    __rtentry2.o(.ARM.exidx) refers to __rtentry2.o(.ARM.Collect$$rtentry$$0000000D) for .ARM.Collect$$rtentry$$0000000D
    __rtentry4.o(.ARM.Collect$$rtentry$$00000004) refers to sys_stackheap_outer.o(.text) for __user_setup_stackheap
    __rtentry4.o(.ARM.exidx) refers to __rtentry4.o(.ARM.Collect$$rtentry$$00000004) for .ARM.Collect$$rtentry$$00000004
    rt_div0.o(.text) refers to defsig_fpe_outer.o(.text) for __rt_SIGFPE
    dcmpin.o(.text) refers (Special) to usenofp.o(x$fpl$usenofp) for __I$use$fp
    dcmpin.o(.text) refers to cmpret.o(.text) for __fpl_cmpreturn
    dcmpin.o(.text) refers to dnan2.o(.text) for __fpl_dcheck_NaN2
    sys_stackheap_outer.o(.text) refers to libspace.o(.text) for __user_perproc_libspace
    sys_stackheap_outer.o(.text) refers to startup_mkl05z4.o(.text) for __user_initial_stackheap
    sys_stackheap_outer.o(__vectab_stack_and_reset_area) refers to tempstk.o(.text) for __temporary_stack_top
    sys_stackheap_outer.o(__vectab_stack_and_reset_area) refers to __main.o(!!!main) for __main
    exit.o(.text) refers to rtexit.o(.ARM.Collect$$rtexit$$00000000) for __rt_exit
    defsig_fpe_outer.o(.text) refers to defsig_fpe_inner.o(.text) for __rt_SIGFPE_inner
    defsig_fpe_outer.o(.text) refers to defsig_exit.o(.text) for __sig_exit
    defsig_fpe_formal.o(.text) refers to rt_raise.o(.text) for __rt_raise
    libinit.o(.ARM.Collect$$libinit$$00000000) refers (Special) to libinit2.o(.ARM.Collect$$libinit$$0000002E) for __rt_lib_init_alloca_1
    libinit.o(.ARM.Collect$$libinit$$00000000) refers (Special) to libinit2.o(.ARM.Collect$$libinit$$0000002C) for __rt_lib_init_argv_1
    libinit.o(.ARM.Collect$$libinit$$00000000) refers (Special) to libinit2.o(.ARM.Collect$$libinit$$0000001B) for __rt_lib_init_atexit_1
    libinit.o(.ARM.Collect$$libinit$$00000000) refers (Special) to libinit2.o(.ARM.Collect$$libinit$$00000021) for __rt_lib_init_clock_1
    libinit.o(.ARM.Collect$$libinit$$00000000) refers (Special) to libinit2.o(.ARM.Collect$$libinit$$00000032) for __rt_lib_init_cpp_1
    libinit.o(.ARM.Collect$$libinit$$00000000) refers (Special) to libinit2.o(.ARM.Collect$$libinit$$00000030) for __rt_lib_init_exceptions_1
    libinit.o(.ARM.Collect$$libinit$$00000000) refers (Special) to libinit2.o(.ARM.Collect$$libinit$$00000002) for __rt_lib_init_fp_1
    libinit.o(.ARM.Collect$$libinit$$00000000) refers (Special) to libinit2.o(.ARM.Collect$$libinit$$0000001F) for __rt_lib_init_fp_trap_1
    libinit.o(.ARM.Collect$$libinit$$00000000) refers (Special) to libinit2.o(.ARM.Collect$$libinit$$00000023) for __rt_lib_init_getenv_1
    libinit.o(.ARM.Collect$$libinit$$00000000) refers (Special) to libinit2.o(.ARM.Collect$$libinit$$0000000A) for __rt_lib_init_heap_1
    libinit.o(.ARM.Collect$$libinit$$00000000) refers (Special) to libinit2.o(.ARM.Collect$$libinit$$00000011) for __rt_lib_init_lc_collate_1
    libinit.o(.ARM.Collect$$libinit$$00000000) refers (Special) to libinit2.o(.ARM.Collect$$libinit$$00000013) for __rt_lib_init_lc_ctype_1
    libinit.o(.ARM.Collect$$libinit$$00000000) refers (Special) to libinit2.o(.ARM.Collect$$libinit$$00000015) for __rt_lib_init_lc_monetary_1
    libinit.o(.ARM.Collect$$libinit$$00000000) refers (Special) to libinit2.o(.ARM.Collect$$libinit$$00000017) for __rt_lib_init_lc_numeric_1
    libinit.o(.ARM.Collect$$libinit$$00000000) refers (Special) to libinit2.o(.ARM.Collect$$libinit$$00000019) for __rt_lib_init_lc_time_1
    libinit.o(.ARM.Collect$$libinit$$00000000) refers (Special) to libinit2.o(.ARM.Collect$$libinit$$00000004) for __rt_lib_init_preinit_1
    libinit.o(.ARM.Collect$$libinit$$00000000) refers (Special) to libinit2.o(.ARM.Collect$$libinit$$0000000E) for __rt_lib_init_rand_1
    libinit.o(.ARM.Collect$$libinit$$00000000) refers (Special) to libinit2.o(.ARM.Collect$$libinit$$00000033) for __rt_lib_init_return
    libinit.o(.ARM.Collect$$libinit$$00000000) refers (Special) to libinit2.o(.ARM.Collect$$libinit$$0000001D) for __rt_lib_init_signal_1
    libinit.o(.ARM.Collect$$libinit$$00000000) refers (Special) to libinit2.o(.ARM.Collect$$libinit$$00000025) for __rt_lib_init_stdio_1
    libinit.o(.ARM.Collect$$libinit$$00000000) refers (Special) to libinit2.o(.ARM.Collect$$libinit$$0000000C) for __rt_lib_init_user_alloc_1
    cmpret.o(.text) refers (Special) to usenofp.o(x$fpl$usenofp) for __I$use$fp
    dnan2.o(.text) refers (Special) to usenofp.o(x$fpl$usenofp) for __I$use$fp
    dnan2.o(.text) refers to retnan.o(.text) for __fpl_return_NaN
    libspace.o(.text) refers to libspace.o(.bss) for __libspace_start
    rtexit.o(.ARM.Collect$$rtexit$$00000000) refers (Special) to rtexit2.o(.ARM.Collect$$rtexit$$00000004) for __rt_exit_exit
    rtexit.o(.ARM.Collect$$rtexit$$00000000) refers (Special) to rtexit2.o(.ARM.Collect$$rtexit$$00000003) for __rt_exit_ls
    rtexit.o(.ARM.Collect$$rtexit$$00000000) refers (Special) to rtexit2.o(.ARM.Collect$$rtexit$$00000002) for __rt_exit_prels_1
    rtexit.o(.ARM.exidx) refers (Special) to rtexit2.o(.ARM.Collect$$rtexit$$00000004) for __rt_exit_exit
    rtexit.o(.ARM.exidx) refers (Special) to rtexit2.o(.ARM.Collect$$rtexit$$00000003) for __rt_exit_ls
    rtexit.o(.ARM.exidx) refers (Special) to rtexit2.o(.ARM.Collect$$rtexit$$00000002) for __rt_exit_prels_1
    rtexit.o(.ARM.exidx) refers to rtexit.o(.ARM.Collect$$rtexit$$00000000) for .ARM.Collect$$rtexit$$00000000
    rt_raise.o(.text) refers to __raise.o(.text) for __raise
    rt_raise.o(.text) refers to sys_exit.o(.text) for _sys_exit
    defsig_exit.o(.text) refers to sys_exit.o(.text) for _sys_exit
    defsig_fpe_inner.o(.text) refers to defsig_general.o(.text) for __default_signal_display
    libinit2.o(.ARM.Collect$$libinit$$00000010) refers to libinit2.o(.ARM.Collect$$libinit$$0000000F) for .ARM.Collect$$libinit$$0000000F
    libinit2.o(.ARM.Collect$$libinit$$00000012) refers to libinit2.o(.ARM.Collect$$libinit$$0000000F) for .ARM.Collect$$libinit$$0000000F
    libinit2.o(.ARM.Collect$$libinit$$00000014) refers to libinit2.o(.ARM.Collect$$libinit$$0000000F) for .ARM.Collect$$libinit$$0000000F
    libinit2.o(.ARM.Collect$$libinit$$00000016) refers to libinit2.o(.ARM.Collect$$libinit$$0000000F) for .ARM.Collect$$libinit$$0000000F
    libinit2.o(.ARM.Collect$$libinit$$00000018) refers to libinit2.o(.ARM.Collect$$libinit$$0000000F) for .ARM.Collect$$libinit$$0000000F
    libinit2.o(.ARM.Collect$$libinit$$00000026) refers to argv_veneer.o(.text) for __ARM_argv_veneer
    libinit2.o(.ARM.Collect$$libinit$$00000027) refers to argv_veneer.o(.text) for __ARM_argv_veneer
    retnan.o(.text) refers (Special) to usenofp.o(x$fpl$usenofp) for __I$use$fp
    retnan.o(.text) refers to cmpret.o(.text) for __fpl_cmpreturn
    sys_exit.o(.text) refers (Special) to use_no_semi.o(.text) for __I$use$semihosting
    sys_exit.o(.text) refers (Special) to indicate_semi.o(.text) for __semihosting_library_function
    sys_exit_hlt.o(.text) refers (Special) to use_no_semi.o(.text) for __I$use$semihosting
    sys_exit_hlt.o(.text) refers (Special) to indicate_semi.o(.text) for __semihosting_library_function
    rtexit2.o(.ARM.Collect$$rtexit$$00000003) refers to libshutdown.o(.ARM.Collect$$libshutdown$$00000000) for __rt_lib_shutdown
    rtexit2.o(.ARM.Collect$$rtexit$$00000004) refers to sys_exit.o(.text) for _sys_exit
    rtexit2.o(.ARM.exidx) refers to rtexit2.o(.ARM.Collect$$rtexit$$00000001) for .ARM.Collect$$rtexit$$00000001
    rtexit2.o(.ARM.exidx) refers to rtexit2.o(.ARM.Collect$$rtexit$$00000003) for .ARM.Collect$$rtexit$$00000003
    rtexit2.o(.ARM.exidx) refers to rtexit2.o(.ARM.Collect$$rtexit$$00000004) for .ARM.Collect$$rtexit$$00000004
    __raise.o(.text) refers to defsig.o(CL$$defsig) for __default_signal_handler
    defsig_general.o(.text) refers to sys_wrch.o(.text) for _ttywrch
    sys_wrch.o(.text) refers (Special) to use_no_semi.o(.text) for __I$use$semihosting
    sys_wrch.o(.text) refers (Special) to indicate_semi.o(.text) for __semihosting_library_function
    sys_wrch_hlt.o(.text) refers (Special) to use_no_semi.o(.text) for __I$use$semihosting
    sys_wrch_hlt.o(.text) refers (Special) to indicate_semi.o(.text) for __semihosting_library_function
    defsig.o(CL$$defsig) refers to defsig_fpe_inner.o(.text) for __rt_SIGFPE_inner
    defsig.o(CL$$defsig) refers to defsig_rtmem_inner.o(.text) for __rt_SIGRTMEM_inner
    _get_argv_nomalloc.o(.text) refers (Special) to hrguard.o(.text) for __heap_region$guard
    _get_argv_nomalloc.o(.text) refers to defsig_rtmem_outer.o(.text) for __rt_SIGRTMEM
    _get_argv_nomalloc.o(.text) refers to sys_command.o(.text) for _sys_command_string
    libshutdown.o(.ARM.Collect$$libshutdown$$00000000) refers (Special) to libshutdown2.o(.ARM.Collect$$libshutdown$$00000002) for __rt_lib_shutdown_cpp_1
    libshutdown.o(.ARM.Collect$$libshutdown$$00000000) refers (Special) to libshutdown2.o(.ARM.Collect$$libshutdown$$00000007) for __rt_lib_shutdown_fp_trap_1
    libshutdown.o(.ARM.Collect$$libshutdown$$00000000) refers (Special) to libshutdown2.o(.ARM.Collect$$libshutdown$$0000000F) for __rt_lib_shutdown_heap_1
    libshutdown.o(.ARM.Collect$$libshutdown$$00000000) refers (Special) to libshutdown2.o(.ARM.Collect$$libshutdown$$00000010) for __rt_lib_shutdown_return
    libshutdown.o(.ARM.Collect$$libshutdown$$00000000) refers (Special) to libshutdown2.o(.ARM.Collect$$libshutdown$$0000000A) for __rt_lib_shutdown_signal_1
    libshutdown.o(.ARM.Collect$$libshutdown$$00000000) refers (Special) to libshutdown2.o(.ARM.Collect$$libshutdown$$00000004) for __rt_lib_shutdown_stdio_1
    libshutdown.o(.ARM.Collect$$libshutdown$$00000000) refers (Special) to libshutdown2.o(.ARM.Collect$$libshutdown$$0000000C) for __rt_lib_shutdown_user_alloc_1
    sys_command.o(.text) refers (Special) to use_no_semi.o(.text) for __I$use$semihosting
    sys_command.o(.text) refers (Special) to indicate_semi.o(.text) for __semihosting_library_function
    sys_command_hlt.o(.text) refers (Special) to use_no_semi.o(.text) for __I$use$semihosting
    sys_command_hlt.o(.text) refers (Special) to indicate_semi.o(.text) for __semihosting_library_function
    defsig_abrt_inner.o(.text) refers to defsig_general.o(.text) for __default_signal_display
    defsig_rtred_inner.o(.text) refers to defsig_general.o(.text) for __default_signal_display
    defsig_rtmem_inner.o(.text) refers to defsig_general.o(.text) for __default_signal_display
    defsig_rtmem_outer.o(.text) refers to defsig_rtmem_inner.o(.text) for __rt_SIGRTMEM_inner
    defsig_rtmem_outer.o(.text) refers to defsig_exit.o(.text) for __sig_exit
    defsig_rtmem_formal.o(.text) refers to rt_raise.o(.text) for __rt_raise
    defsig_stak_inner.o(.text) refers to defsig_general.o(.text) for __default_signal_display
    defsig_pvfn_inner.o(.text) refers to defsig_general.o(.text) for __default_signal_display
    defsig_cppl_inner.o(.text) refers to defsig_general.o(.text) for __default_signal_display
    defsig_segv_inner.o(.text) refers to defsig_general.o(.text) for __default_signal_display
    defsig_other.o(.text) refers to defsig_general.o(.text) for __default_signal_display


==============================================================================

Removing Unused input sections from the image.

    Removing main.o(.text), (0 bytes).
    Removing main.o(.ARM.exidx.text.main), (8 bytes).
    Removing main.o(.ARM.use_no_argv), (4 bytes).
    Removing ps2.o(.text), (0 bytes).
    Removing ps2.o(.ARM.exidx.text.dat_buff_handler), (8 bytes).
    Removing ps2.o(.ARM.exidx.text.pow2), (8 bytes).
    Removing ps2.o(.ARM.exidx.text.reset_data_rdy), (8 bytes).
    Removing ps2.o(.ARM.exidx.text.chck_if_dat_rdy), (8 bytes).
    Removing ps2.o(.text.get_data), (12 bytes).
    Removing ps2.o(.ARM.exidx.text.get_data), (8 bytes).
    Removing ps2.o(.ARM.exidx.text.Ps2_comm_init), (8 bytes).
    Removing ps2.o(.ARM.exidx.text.__NVIC_ClearPendingIRQ), (8 bytes).
    Removing ps2.o(.ARM.exidx.text.__NVIC_SetPriority), (8 bytes).
    Removing ps2.o(.ARM.exidx.text.__NVIC_EnableIRQ), (8 bytes).
    Removing ps2.o(.ARM.exidx.text.PORTB_IRQHandler), (8 bytes).
    Removing ps2.o(.ARM.exidx.text.get_dat_buff), (8 bytes).
    Removing dac.o(.text), (0 bytes).
    Removing dac.o(.ARM.exidx.text.Init_DAC), (8 bytes).
    Removing dac.o(.ARM.exidx.text.convert), (8 bytes).
    Removing dat_prep.o(.text), (0 bytes).
    Removing dat_prep.o(.ARM.exidx.text.init_array), (8 bytes).
    Removing dat_prep.o(.ARM.exidx.text.get_idx_from_stack), (8 bytes).
    Removing dat_prep.o(.ARM.exidx.text.push_idx_to_stack), (8 bytes).
    Removing dat_prep.o(.ARM.exidx.text.get_tune_idx_arr), (8 bytes).
    Removing dat_prep.o(.ARM.exidx.text.decode_keys), (8 bytes).
    Removing dsp.o(.text), (0 bytes).
    Removing dsp.o(.ARM.exidx.text.assemble_samples), (8 bytes).
    Removing dsp.o(.ARM.exidx.text.normalise), (8 bytes).
    Removing dsp.o(.text.get_sample_counter), (12 bytes).
    Removing dsp.o(.ARM.exidx.text.get_sample_counter), (8 bytes).
    Removing dsp.o(.text.set_sample_counter), (12 bytes).
    Removing dsp.o(.ARM.exidx.text.set_sample_counter), (8 bytes).
    Removing pit.o(.text), (0 bytes).
    Removing pit.o(.ARM.exidx.text.PIT_init), (8 bytes).
    Removing pit.o(.ARM.exidx.text.__NVIC_ClearPendingIRQ), (8 bytes).
    Removing pit.o(.ARM.exidx.text.__NVIC_SetPriority), (8 bytes).
    Removing pit.o(.ARM.exidx.text.__NVIC_EnableIRQ), (8 bytes).
    Removing pit.o(.ARM.exidx.text.PIT_IRQHandler), (8 bytes).
    Removing adc.o(.text), (0 bytes).
    Removing adc.o(.ARM.exidx.text.init_ADC), (8 bytes).
    Removing adc.o(.ARM.exidx.text.trigger_measure), (8 bytes).
    Removing adc.o(.ARM.exidx.text.return_measurement), (8 bytes).
    Removing system_mkl05z4.o(.text), (0 bytes).
    Removing system_mkl05z4.o(.ARM.exidx.text.SystemInit), (8 bytes).
    Removing system_mkl05z4.o(.text.SystemCoreClockUpdate), (184 bytes).
    Removing system_mkl05z4.o(.ARM.exidx.text.SystemCoreClockUpdate), (8 bytes).
    Removing system_mkl05z4.o(.data.SystemCoreClock), (4 bytes).

47 unused section(s) (total 492 bytes) removed from the image.

==============================================================================

Image Symbol Table

    Local Symbols

    Symbol Name                              Value     Ov Type        Size  Object(Section)

    ../clib/angel/boardlib.s                 0x00000000   Number         0  boardinit1.o ABSOLUTE
    ../clib/angel/boardlib.s                 0x00000000   Number         0  boardinit2.o ABSOLUTE
    ../clib/angel/boardlib.s                 0x00000000   Number         0  boardinit3.o ABSOLUTE
    ../clib/angel/boardlib.s                 0x00000000   Number         0  boardshut.o ABSOLUTE
    ../clib/angel/handlers.s                 0x00000000   Number         0  __scatter_zi.o ABSOLUTE
    ../clib/angel/kernel.s                   0x00000000   Number         0  __rtentry.o ABSOLUTE
    ../clib/angel/kernel.s                   0x00000000   Number         0  __rtentry2.o ABSOLUTE
    ../clib/angel/kernel.s                   0x00000000   Number         0  __rtentry4.o ABSOLUTE
    ../clib/angel/kernel.s                   0x00000000   Number         0  rtexit.o ABSOLUTE
    ../clib/angel/kernel.s                   0x00000000   Number         0  rtexit2.o ABSOLUTE
    ../clib/angel/rt.s                       0x00000000   Number         0  aeabi_idiv0.o ABSOLUTE
    ../clib/angel/rt.s                       0x00000000   Number         0  aeabi_idiv0_sigfpe.o ABSOLUTE
    ../clib/angel/rt.s                       0x00000000   Number         0  rt_div0.o ABSOLUTE
    ../clib/angel/rt.s                       0x00000000   Number         0  rt_raise.o ABSOLUTE
    ../clib/angel/scatterp.s                 0x00000000   Number         0  __scatter.o ABSOLUTE
    ../clib/angel/startup.s                  0x00000000   Number         0  __main.o ABSOLUTE
    ../clib/angel/sys.s                      0x00000000   Number         0  sys_stackheap_outer.o ABSOLUTE
    ../clib/angel/sys.s                      0x00000000   Number         0  libspace.o ABSOLUTE
    ../clib/angel/sys.s                      0x00000000   Number         0  tempstk.o ABSOLUTE
    ../clib/angel/sys.s                      0x00000000   Number         0  use_no_semi.o ABSOLUTE
    ../clib/angel/sys.s                      0x00000000   Number         0  indicate_semi.o ABSOLUTE
    ../clib/angel/sysapp.c                   0x00000000   Number         0  sys_exit.o ABSOLUTE
    ../clib/angel/sysapp.c                   0x00000000   Number         0  sys_exit_hlt.o ABSOLUTE
    ../clib/angel/sysapp.c                   0x00000000   Number         0  sys_wrch.o ABSOLUTE
    ../clib/angel/sysapp.c                   0x00000000   Number         0  sys_wrch_hlt.o ABSOLUTE
    ../clib/angel/sysapp.c                   0x00000000   Number         0  sys_command.o ABSOLUTE
    ../clib/angel/sysapp.c                   0x00000000   Number         0  sys_command_hlt.o ABSOLUTE
    ../clib/armsys.c                         0x00000000   Number         0  argv_veneer.o ABSOLUTE
    ../clib/armsys.c                         0x00000000   Number         0  _get_argv_nomalloc.o ABSOLUTE
    ../clib/armsys.c                         0x00000000   Number         0  no_argv.o ABSOLUTE
    ../clib/division.s                       0x00000000   Number         0  aeabi_sdivfast.o ABSOLUTE
    ../clib/division.s                       0x00000000   Number         0  aeabi_sdivfast_div0.o ABSOLUTE
    ../clib/heapalloc.c                      0x00000000   Number         0  hrguard.o ABSOLUTE
    ../clib/heapaux.c                        0x00000000   Number         0  heapauxi.o ABSOLUTE
    ../clib/libinit.s                        0x00000000   Number         0  libinit.o ABSOLUTE
    ../clib/libinit.s                        0x00000000   Number         0  libinit2.o ABSOLUTE
    ../clib/libinit.s                        0x00000000   Number         0  libshutdown.o ABSOLUTE
    ../clib/libinit.s                        0x00000000   Number         0  libshutdown2.o ABSOLUTE
    ../clib/signal.c                         0x00000000   Number         0  defsig_fpe_outer.o ABSOLUTE
    ../clib/signal.c                         0x00000000   Number         0  defsig_fpe_formal.o ABSOLUTE
    ../clib/signal.c                         0x00000000   Number         0  defsig_exit.o ABSOLUTE
    ../clib/signal.c                         0x00000000   Number         0  defsig_fpe_inner.o ABSOLUTE
    ../clib/signal.c                         0x00000000   Number         0  __raise.o ABSOLUTE
    ../clib/signal.c                         0x00000000   Number         0  defsig_general.o ABSOLUTE
    ../clib/signal.c                         0x00000000   Number         0  defsig_abrt_inner.o ABSOLUTE
    ../clib/signal.c                         0x00000000   Number         0  defsig_rtred_inner.o ABSOLUTE
    ../clib/signal.c                         0x00000000   Number         0  defsig_rtmem_inner.o ABSOLUTE
    ../clib/signal.c                         0x00000000   Number         0  defsig_rtmem_outer.o ABSOLUTE
    ../clib/signal.c                         0x00000000   Number         0  defsig_rtmem_formal.o ABSOLUTE
    ../clib/signal.c                         0x00000000   Number         0  defsig_stak_inner.o ABSOLUTE
    ../clib/signal.c                         0x00000000   Number         0  defsig_pvfn_inner.o ABSOLUTE
    ../clib/signal.c                         0x00000000   Number         0  defsig_cppl_inner.o ABSOLUTE
    ../clib/signal.c                         0x00000000   Number         0  defsig_segv_inner.o ABSOLUTE
    ../clib/signal.c                         0x00000000   Number         0  defsig_other.o ABSOLUTE
    ../clib/signal.s                         0x00000000   Number         0  defsig.o ABSOLUTE
    ../clib/stdlib.c                         0x00000000   Number         0  exit.o ABSOLUTE
    ../fplib/cfplib/cmpret.c                 0x00000000   Number         0  cmpret.o ABSOLUTE
    ../fplib/cfplib/daddsub.c                0x00000000   Number         0  daddsub.o ABSOLUTE
    ../fplib/cfplib/dcmpin.c                 0x00000000   Number         0  dcmpin.o ABSOLUTE
    ../fplib/cfplib/ddiv.c                   0x00000000   Number         0  ddiv.o ABSOLUTE
    ../fplib/cfplib/dmul.c                   0x00000000   Number         0  dmul.o ABSOLUTE
    ../fplib/cfplib/ffix.c                   0x00000000   Number         0  dfixi.o ABSOLUTE
    ../fplib/cfplib/fflt.c                   0x00000000   Number         0  dflti.o ABSOLUTE
    ../fplib/cfplib/fpinit.c                 0x00000000   Number         0  fpinit.o ABSOLUTE
    ../fplib/cfplib/nan2.c                   0x00000000   Number         0  dnan2.o ABSOLUTE
    ../fplib/cfplib/retnan.c                 0x00000000   Number         0  retnan.o ABSOLUTE
    ../fplib/drleqf6m.s                      0x00000000   Number         0  drlef.o ABSOLUTE
    ../fplib/usenofp.s                       0x00000000   Number         0  usenofp.o ABSOLUTE
    ../mathlib/floor.c                       0x00000000   Number         0  floor.o ABSOLUTE
    RTE/Device/MKL05Z32xxx4/startup_MKL05Z4.s 0x00000000   Number         0  startup_mkl05z4.o ABSOLUTE
    adc.c                                    0x00000000   Number         0  adc.o ABSOLUTE
    dac.c                                    0x00000000   Number         0  dac.o ABSOLUTE
    dat_prep.c                               0x00000000   Number         0  dat_prep.o ABSOLUTE
    dc.s                                     0x00000000   Number         0  dc.o ABSOLUTE
    dsp.c                                    0x00000000   Number         0  dsp.o ABSOLUTE
    main.c                                   0x00000000   Number         0  main.o ABSOLUTE
    pit.c                                    0x00000000   Number         0  pit.o ABSOLUTE
    ps2.c                                    0x00000000   Number         0  ps2.o ABSOLUTE
    system_MKL05Z4.c                         0x00000000   Number         0  system_mkl05z4.o ABSOLUTE
    RESET                                    0x00000000   Section      192  startup_mkl05z4.o(RESET)
    !!!main                                  0x000000c0   Section        8  __main.o(!!!main)
    !!!scatter                               0x000000c8   Section       60  __scatter.o(!!!scatter)
    !!handler_zi                             0x00000104   Section       28  __scatter_zi.o(!!handler_zi)
    .ARM.Collect$$libinit$$00000000          0x00000120   Section        2  libinit.o(.ARM.Collect$$libinit$$00000000)
    .ARM.Collect$$libinit$$00000002          0x00000122   Section        0  libinit2.o(.ARM.Collect$$libinit$$00000002)
    .ARM.Collect$$libinit$$00000004          0x00000122   Section        0  libinit2.o(.ARM.Collect$$libinit$$00000004)
    .ARM.Collect$$libinit$$0000000A          0x00000122   Section        0  libinit2.o(.ARM.Collect$$libinit$$0000000A)
    .ARM.Collect$$libinit$$0000000C          0x00000122   Section        0  libinit2.o(.ARM.Collect$$libinit$$0000000C)
    .ARM.Collect$$libinit$$0000000E          0x00000122   Section        0  libinit2.o(.ARM.Collect$$libinit$$0000000E)
    .ARM.Collect$$libinit$$00000011          0x00000122   Section        0  libinit2.o(.ARM.Collect$$libinit$$00000011)
    .ARM.Collect$$libinit$$00000013          0x00000122   Section        0  libinit2.o(.ARM.Collect$$libinit$$00000013)
    .ARM.Collect$$libinit$$00000015          0x00000122   Section        0  libinit2.o(.ARM.Collect$$libinit$$00000015)
    .ARM.Collect$$libinit$$00000017          0x00000122   Section        0  libinit2.o(.ARM.Collect$$libinit$$00000017)
    .ARM.Collect$$libinit$$00000019          0x00000122   Section        0  libinit2.o(.ARM.Collect$$libinit$$00000019)
    .ARM.Collect$$libinit$$0000001B          0x00000122   Section        0  libinit2.o(.ARM.Collect$$libinit$$0000001B)
    .ARM.Collect$$libinit$$0000001D          0x00000122   Section        0  libinit2.o(.ARM.Collect$$libinit$$0000001D)
    .ARM.Collect$$libinit$$0000001F          0x00000122   Section        0  libinit2.o(.ARM.Collect$$libinit$$0000001F)
    .ARM.Collect$$libinit$$00000021          0x00000122   Section        0  libinit2.o(.ARM.Collect$$libinit$$00000021)
    .ARM.Collect$$libinit$$00000023          0x00000122   Section        0  libinit2.o(.ARM.Collect$$libinit$$00000023)
    .ARM.Collect$$libinit$$00000025          0x00000122   Section        0  libinit2.o(.ARM.Collect$$libinit$$00000025)
    .ARM.Collect$$libinit$$0000002C          0x00000122   Section        0  libinit2.o(.ARM.Collect$$libinit$$0000002C)
    .ARM.Collect$$libinit$$0000002E          0x00000122   Section        0  libinit2.o(.ARM.Collect$$libinit$$0000002E)
    .ARM.Collect$$libinit$$00000030          0x00000122   Section        0  libinit2.o(.ARM.Collect$$libinit$$00000030)
    .ARM.Collect$$libinit$$00000032          0x00000122   Section        0  libinit2.o(.ARM.Collect$$libinit$$00000032)
    .ARM.Collect$$libinit$$00000033          0x00000122   Section        2  libinit2.o(.ARM.Collect$$libinit$$00000033)
    .ARM.Collect$$libshutdown$$00000000      0x00000124   Section        2  libshutdown.o(.ARM.Collect$$libshutdown$$00000000)
    .ARM.Collect$$libshutdown$$00000002      0x00000126   Section        0  libshutdown2.o(.ARM.Collect$$libshutdown$$00000002)
    .ARM.Collect$$libshutdown$$00000004      0x00000126   Section        0  libshutdown2.o(.ARM.Collect$$libshutdown$$00000004)
    .ARM.Collect$$libshutdown$$00000007      0x00000126   Section        0  libshutdown2.o(.ARM.Collect$$libshutdown$$00000007)
    .ARM.Collect$$libshutdown$$0000000A      0x00000126   Section        0  libshutdown2.o(.ARM.Collect$$libshutdown$$0000000A)
    .ARM.Collect$$libshutdown$$0000000C      0x00000126   Section        0  libshutdown2.o(.ARM.Collect$$libshutdown$$0000000C)
    .ARM.Collect$$libshutdown$$0000000F      0x00000126   Section        0  libshutdown2.o(.ARM.Collect$$libshutdown$$0000000F)
    .ARM.Collect$$libshutdown$$00000010      0x00000126   Section        2  libshutdown2.o(.ARM.Collect$$libshutdown$$00000010)
    .ARM.Collect$$rtentry$$00000000          0x00000128   Section        0  __rtentry.o(.ARM.Collect$$rtentry$$00000000)
    .ARM.Collect$$rtentry$$00000002          0x00000128   Section        0  __rtentry2.o(.ARM.Collect$$rtentry$$00000002)
    .ARM.Collect$$rtentry$$00000004          0x00000128   Section        6  __rtentry4.o(.ARM.Collect$$rtentry$$00000004)
    .ARM.Collect$$rtentry$$00000009          0x0000012e   Section        0  __rtentry2.o(.ARM.Collect$$rtentry$$00000009)
    .ARM.Collect$$rtentry$$0000000A          0x0000012e   Section        4  __rtentry2.o(.ARM.Collect$$rtentry$$0000000A)
    .ARM.Collect$$rtentry$$0000000C          0x00000132   Section        0  __rtentry2.o(.ARM.Collect$$rtentry$$0000000C)
    .ARM.Collect$$rtentry$$0000000D          0x00000132   Section        8  __rtentry2.o(.ARM.Collect$$rtentry$$0000000D)
    .ARM.Collect$$rtexit$$00000000           0x0000013a   Section        2  rtexit.o(.ARM.Collect$$rtexit$$00000000)
    .ARM.Collect$$rtexit$$00000002           0x0000013c   Section        0  rtexit2.o(.ARM.Collect$$rtexit$$00000002)
    .ARM.Collect$$rtexit$$00000003           0x0000013c   Section        4  rtexit2.o(.ARM.Collect$$rtexit$$00000003)
    .ARM.Collect$$rtexit$$00000004           0x00000140   Section        6  rtexit2.o(.ARM.Collect$$rtexit$$00000004)
    .text                                    0x00000148   Section       52  startup_mkl05z4.o(.text)
    .text                                    0x0000017c   Section        0  heapauxi.o(.text)
    .text                                    0x00000184   Section        0  dfixi.o(.text)
    .text                                    0x000001f0   Section        0  dflti.o(.text)
    .text                                    0x00000248   Section        0  dcmpin.o(.text)
    .text                                    0x000002e8   Section       62  sys_stackheap_outer.o(.text)
    .text                                    0x00000326   Section        0  exit.o(.text)
    .text                                    0x00000336   Section        0  cmpret.o(.text)
    .text                                    0x00000364   Section        0  dnan2.o(.text)
    .text                                    0x00000378   Section        8  libspace.o(.text)
    .text                                    0x00000380   Section        0  retnan.o(.text)
    .text                                    0x000003e0   Section        0  sys_exit.o(.text)
    .text                                    0x000003ec   Section        2  use_no_semi.o(.text)
    .text                                    0x000003ee   Section        0  indicate_semi.o(.text)
    __NVIC_ClearPendingIRQ                   0x000003f1   Thumb Code    16  ps2.o(.text.__NVIC_ClearPendingIRQ)
    [Anonymous Symbol]                       0x000003f0   Section        0  ps2.o(.text.__NVIC_ClearPendingIRQ)
    __arm_cp.6_0                             0x000003fc   Number         4  ps2.o(.text.__NVIC_ClearPendingIRQ)
    .ARM.__at_0x400                          0x00000400   Section       16  startup_mkl05z4.o(.ARM.__at_0x400)
    .text                                    0x00000410   Section        0  ddiv.o(.text)
    .text                                    0x00000858   Section        0  dmul.o(.text)
    _dadd1                                   0x00000aa1   Thumb Code   290  daddsub.o(.text)
    .text                                    0x00000aa0   Section        0  daddsub.o(.text)
    _dsub1                                   0x00000bc3   Thumb Code   470  daddsub.o(.text)
    [Anonymous Symbol]                       0x00000df8   Section        0  dac.o(.text.Init_DAC)
    __arm_cp.0_1                             0x00000e28   Number         4  dac.o(.text.Init_DAC)
    __arm_cp.0_2                             0x00000e2c   Number         4  dac.o(.text.Init_DAC)
    [Anonymous Symbol]                       0x00000e30   Section        0  pit.o(.text.PIT_IRQHandler)
    __arm_cp.4_1                             0x00000e48   Number         4  pit.o(.text.PIT_IRQHandler)
    [Anonymous Symbol]                       0x00000e4c   Section        0  pit.o(.text.PIT_init)
    __arm_cp.0_0                             0x00000e94   Number         4  pit.o(.text.PIT_init)
    __arm_cp.0_1                             0x00000e98   Number         4  pit.o(.text.PIT_init)
    __arm_cp.0_2                             0x00000e9c   Number         4  pit.o(.text.PIT_init)
    __arm_cp.0_3                             0x00000ea0   Number         4  pit.o(.text.PIT_init)
    __arm_cp.0_4                             0x00000ea4   Number         4  pit.o(.text.PIT_init)
    [Anonymous Symbol]                       0x00000ea8   Section        0  ps2.o(.text.PORTB_IRQHandler)
    __arm_cp.9_0                             0x00000f20   Number         4  ps2.o(.text.PORTB_IRQHandler)
    __arm_cp.9_1                             0x00000f24   Number         4  ps2.o(.text.PORTB_IRQHandler)
    __arm_cp.9_2                             0x00000f28   Number         4  ps2.o(.text.PORTB_IRQHandler)
    [Anonymous Symbol]                       0x00000f2c   Section        0  ps2.o(.text.Ps2_comm_init)
    __arm_cp.5_0                             0x00000f64   Number         4  ps2.o(.text.Ps2_comm_init)
    __arm_cp.5_1                             0x00000f68   Number         4  ps2.o(.text.Ps2_comm_init)
    __arm_cp.5_2                             0x00000f6c   Number         4  ps2.o(.text.Ps2_comm_init)
    [Anonymous Symbol]                       0x00000f70   Section        0  system_mkl05z4.o(.text.SystemInit)
    __arm_cp.0_0                             0x00000fac   Number         4  system_mkl05z4.o(.text.SystemInit)
    __arm_cp.0_1                             0x00000fb0   Number         4  system_mkl05z4.o(.text.SystemInit)
    __arm_cp.0_2                             0x00000fb4   Number         4  system_mkl05z4.o(.text.SystemInit)
    __arm_cp.0_3                             0x00000fb8   Number         4  system_mkl05z4.o(.text.SystemInit)
    __NVIC_ClearPendingIRQ                   0x00000fbd   Thumb Code    16  pit.o(.text.__NVIC_ClearPendingIRQ)
    [Anonymous Symbol]                       0x00000fbc   Section        0  pit.o(.text.__NVIC_ClearPendingIRQ)
    __arm_cp.1_0                             0x00000fc8   Number         4  pit.o(.text.__NVIC_ClearPendingIRQ)
    __NVIC_EnableIRQ                         0x00000fcd   Thumb Code    12  ps2.o(.text.__NVIC_EnableIRQ)
    [Anonymous Symbol]                       0x00000fcc   Section        0  ps2.o(.text.__NVIC_EnableIRQ)
    __NVIC_EnableIRQ                         0x00000fd9   Thumb Code    16  pit.o(.text.__NVIC_EnableIRQ)
    [Anonymous Symbol]                       0x00000fd8   Section        0  pit.o(.text.__NVIC_EnableIRQ)
    __arm_cp.3_0                             0x00000fe4   Number         4  pit.o(.text.__NVIC_EnableIRQ)
    __NVIC_SetPriority                       0x00000fe9   Thumb Code    20  ps2.o(.text.__NVIC_SetPriority)
    [Anonymous Symbol]                       0x00000fe8   Section        0  ps2.o(.text.__NVIC_SetPriority)
    __arm_cp.7_0                             0x00000ff8   Number         4  ps2.o(.text.__NVIC_SetPriority)
    __NVIC_SetPriority                       0x00000ffd   Thumb Code    24  pit.o(.text.__NVIC_SetPriority)
    [Anonymous Symbol]                       0x00000ffc   Section        0  pit.o(.text.__NVIC_SetPriority)
    __arm_cp.2_0                             0x00001010   Number         4  pit.o(.text.__NVIC_SetPriority)
    [Anonymous Symbol]                       0x00001014   Section        0  dsp.o(.text.assemble_samples)
    __arm_cp.0_0                             0x000010ec   Number         4  dsp.o(.text.assemble_samples)
    __arm_cp.0_1                             0x000010f0   Number         4  dsp.o(.text.assemble_samples)
    [Anonymous Symbol]                       0x000010f4   Section        0  ps2.o(.text.chck_if_dat_rdy)
    [Anonymous Symbol]                       0x000010fc   Section        0  dac.o(.text.convert)
    __arm_cp.1_0                             0x00001104   Number         4  dac.o(.text.convert)
    [Anonymous Symbol]                       0x00001108   Section        0  ps2.o(.text.dat_buff_handler)
    __arm_cp.0_0                             0x00001150   Number         4  ps2.o(.text.dat_buff_handler)
    __arm_cp.0_2                             0x00001154   Number         4  ps2.o(.text.dat_buff_handler)
    __arm_cp.0_3                             0x00001158   Number         4  ps2.o(.text.dat_buff_handler)
    [Anonymous Symbol]                       0x0000115c   Section        0  dat_prep.o(.text.decode_keys)
    [Anonymous Symbol]                       0x000012d8   Section        0  ps2.o(.text.get_dat_buff)
    __arm_cp.10_0                            0x000012dc   Number         4  ps2.o(.text.get_dat_buff)
    [Anonymous Symbol]                       0x000012e0   Section        0  dat_prep.o(.text.get_idx_from_stack)
    [Anonymous Symbol]                       0x00001300   Section        0  dat_prep.o(.text.get_tune_idx_arr)
    [Anonymous Symbol]                       0x00001304   Section        0  adc.o(.text.init_ADC)
    __arm_cp.0_0                             0x00001390   Number         4  adc.o(.text.init_ADC)
    __arm_cp.0_1                             0x00001394   Number         4  adc.o(.text.init_ADC)
    __arm_cp.0_2                             0x00001398   Number         4  adc.o(.text.init_ADC)
    [Anonymous Symbol]                       0x0000139c   Section        0  dat_prep.o(.text.init_array)
    __arm_cp.0_0                             0x000013dc   Number         4  dat_prep.o(.text.init_array)
    __arm_cp.0_1                             0x000013e0   Number         4  dat_prep.o(.text.init_array)
    [Anonymous Symbol]                       0x000013e4   Section        0  main.o(.text.main)
    [Anonymous Symbol]                       0x00001414   Section        0  dsp.o(.text.normalise)
    __arm_cp.1_0                             0x00001460   Number         4  dsp.o(.text.normalise)
    __arm_cp.1_1                             0x00001464   Number         4  dsp.o(.text.normalise)
    [Anonymous Symbol]                       0x00001468   Section        0  ps2.o(.text.pow2)
    [Anonymous Symbol]                       0x000014a4   Section        0  dat_prep.o(.text.push_idx_to_stack)
    __arm_cp.2_0                             0x000014b8   Number         4  dat_prep.o(.text.push_idx_to_stack)
    __arm_cp.2_1                             0x000014bc   Number         4  dat_prep.o(.text.push_idx_to_stack)
    [Anonymous Symbol]                       0x000014c0   Section        0  ps2.o(.text.reset_data_rdy)
    __arm_cp.2_0                             0x000014c8   Number         4  ps2.o(.text.reset_data_rdy)
    [Anonymous Symbol]                       0x000014cc   Section        0  adc.o(.text.return_measurement)
    [Anonymous Symbol]                       0x000014e0   Section        0  adc.o(.text.trigger_measure)
    __arm_cp.1_0                             0x000014ec   Number         4  adc.o(.text.trigger_measure)
    i.floor                                  0x000014f0   Section        0  floor.o(i.floor)
    x$fpl$drleqf                             0x000015b8   Section      104  drlef.o(x$fpl$drleqf)
    ddiv_reciptbl                            0x00001620   Data         128  ddiv.o(.constdata)
    .constdata                               0x00001620   Section      128  ddiv.o(.constdata)
    x$fpl$usenofp                            0x00001620   Section        0  usenofp.o(x$fpl$usenofp)
    sounds                                   0x000016a0   Data       26455  dsp.o(.rodata.sounds)
    [Anonymous Symbol]                       0x000016a0   Section        0  dsp.o(.rodata.sounds)
    .bss                                     0x1ffffc00   Section       96  libspace.o(.bss)
    bit_idx                                  0x1ffffc60   Data           1  ps2.o(.bss.bit_idx)
    [Anonymous Symbol]                       0x1ffffc60   Section        0  ps2.o(.bss.bit_idx)
    data                                     0x1ffffc61   Data           1  ps2.o(.bss.data)
    [Anonymous Symbol]                       0x1ffffc61   Section        0  ps2.o(.bss.data)
    data_buffer                              0x1ffffc62   Data          10  ps2.o(.bss.data_buffer)
    [Anonymous Symbol]                       0x1ffffc62   Section        0  ps2.o(.bss.data_buffer)
    data_buffer_offset                       0x1ffffc6c   Data           1  ps2.o(.bss.data_buffer_offset)
    [Anonymous Symbol]                       0x1ffffc6c   Section        0  ps2.o(.bss.data_buffer_offset)
    data_frame                               0x1ffffc6d   Data          11  ps2.o(.bss.data_frame)
    [Anonymous Symbol]                       0x1ffffc6d   Section        0  ps2.o(.bss.data_frame)
    data_ready                               0x1ffffc78   Data           1  ps2.o(.bss.data_ready)
    [Anonymous Symbol]                       0x1ffffc78   Section        0  ps2.o(.bss.data_ready)
    idx_of_track_arr                         0x1ffffc79   Data          10  dat_prep.o(.bss.idx_of_track_arr)
    [Anonymous Symbol]                       0x1ffffc79   Section        0  dat_prep.o(.bss.idx_of_track_arr)
    key_make_code                            0x1ffffc83   Data          10  dat_prep.o(.bss.key_make_code)
    [Anonymous Symbol]                       0x1ffffc83   Section        0  dat_prep.o(.bss.key_make_code)
    sample_counter                           0x1ffffc8e   Data           2  dsp.o(.bss.sample_counter)
    [Anonymous Symbol]                       0x1ffffc8e   Section        0  dsp.o(.bss.sample_counter)
    stack_ptr                                0x1ffffc90   Data           1  dat_prep.o(.bss.stack_ptr)
    [Anonymous Symbol]                       0x1ffffc90   Section        0  dat_prep.o(.bss.stack_ptr)
    track_available_idx_stack                0x1ffffc91   Data          10  dat_prep.o(.bss.track_available_idx_stack)
    [Anonymous Symbol]                       0x1ffffc91   Section        0  dat_prep.o(.bss.track_available_idx_stack)
    tune_idx_arr                             0x1ffffc9c   Data           4  pit.o(.bss.tune_idx_arr)
    [Anonymous Symbol]                       0x1ffffc9c   Section        0  pit.o(.bss.tune_idx_arr)
    Heap_Mem                                 0x1ffffca0   Data           0  startup_mkl05z4.o(HEAP)
    Stack_Mem                                0x1ffffca0   Data         768  startup_mkl05z4.o(STACK)
    HEAP                                     0x1ffffca0   Section        0  startup_mkl05z4.o(HEAP)
    STACK                                    0x1ffffca0   Section      768  startup_mkl05z4.o(STACK)
    __initial_sp                             0x1fffffa0   Data           0  startup_mkl05z4.o(STACK)

    Global Symbols

    Symbol Name                              Value     Ov Type        Size  Object(Section)

    BuildAttributes$$THM_ISAv3M$S$PE$A:L22$X:L11$S22$IEEE1$IW$~IW$USESV6$~STKCKD$USESV7$~SHL$OTIME$ROPI$IEEEJ$EBA8$UX$STANDARDLIB$REQ8$PRES8$EABIv2 0x00000000   Number         0  anon$$obj.o ABSOLUTE
    __Vectors                                0x00000000   Data           4  startup_mkl05z4.o(RESET)
    __ARM_exceptions_init                     - Undefined Weak Reference
    __alloca_initialize                       - Undefined Weak Reference
    __arm_preinit_                            - Undefined Weak Reference
    __cpp_initialize__aeabi_                  - Undefined Weak Reference
    __cxa_finalize                            - Undefined Weak Reference
    __rt_locale                               - Undefined Weak Reference
    __sigvec_lookup                           - Undefined Weak Reference
    _atexit_init                              - Undefined Weak Reference
    _call_atexit_fns                          - Undefined Weak Reference
    _clock_init                               - Undefined Weak Reference
    _fp_trap_init                             - Undefined Weak Reference
    _fp_trap_shutdown                         - Undefined Weak Reference
    _get_lc_collate                           - Undefined Weak Reference
    _get_lc_ctype                             - Undefined Weak Reference
    _get_lc_monetary                          - Undefined Weak Reference
    _get_lc_numeric                           - Undefined Weak Reference
    _get_lc_time                              - Undefined Weak Reference
    _getenv_init                              - Undefined Weak Reference
    _handle_redirection                       - Undefined Weak Reference
    _init_alloc                               - Undefined Weak Reference
    _init_user_alloc                          - Undefined Weak Reference
    _initio                                   - Undefined Weak Reference
    _rand_init                                - Undefined Weak Reference
    _signal_finish                            - Undefined Weak Reference
    _signal_init                              - Undefined Weak Reference
    _terminate_alloc                          - Undefined Weak Reference
    _terminate_user_alloc                     - Undefined Weak Reference
    _terminateio                              - Undefined Weak Reference
    __Vectors_End                            0x000000c0   Data           0  startup_mkl05z4.o(RESET)
    __Vectors_Size                           0x000000c0   Number         0  startup_mkl05z4.o ABSOLUTE
    __main                                   0x000000c1   Thumb Code     8  __main.o(!!!main)
    __scatterload                            0x000000c9   Thumb Code     0  __scatter.o(!!!scatter)
    __scatterload_rt2                        0x000000c9   Thumb Code    52  __scatter.o(!!!scatter)
    __scatterload_rt2_thumb_only             0x000000c9   Thumb Code     0  __scatter.o(!!!scatter)
    __scatterload_null                       0x000000d9   Thumb Code     0  __scatter.o(!!!scatter)
    __scatterload_zeroinit                   0x00000105   Thumb Code    28  __scatter_zi.o(!!handler_zi)
    __rt_lib_init                            0x00000121   Thumb Code     0  libinit.o(.ARM.Collect$$libinit$$00000000)
    __rt_lib_init_alloca_1                   0x00000123   Thumb Code     0  libinit2.o(.ARM.Collect$$libinit$$0000002E)
    __rt_lib_init_argv_1                     0x00000123   Thumb Code     0  libinit2.o(.ARM.Collect$$libinit$$0000002C)
    __rt_lib_init_atexit_1                   0x00000123   Thumb Code     0  libinit2.o(.ARM.Collect$$libinit$$0000001B)
    __rt_lib_init_clock_1                    0x00000123   Thumb Code     0  libinit2.o(.ARM.Collect$$libinit$$00000021)
    __rt_lib_init_cpp_1                      0x00000123   Thumb Code     0  libinit2.o(.ARM.Collect$$libinit$$00000032)
    __rt_lib_init_exceptions_1               0x00000123   Thumb Code     0  libinit2.o(.ARM.Collect$$libinit$$00000030)
    __rt_lib_init_fp_1                       0x00000123   Thumb Code     0  libinit2.o(.ARM.Collect$$libinit$$00000002)
    __rt_lib_init_fp_trap_1                  0x00000123   Thumb Code     0  libinit2.o(.ARM.Collect$$libinit$$0000001F)
    __rt_lib_init_getenv_1                   0x00000123   Thumb Code     0  libinit2.o(.ARM.Collect$$libinit$$00000023)
    __rt_lib_init_heap_1                     0x00000123   Thumb Code     0  libinit2.o(.ARM.Collect$$libinit$$0000000A)
    __rt_lib_init_lc_collate_1               0x00000123   Thumb Code     0  libinit2.o(.ARM.Collect$$libinit$$00000011)
    __rt_lib_init_lc_ctype_1                 0x00000123   Thumb Code     0  libinit2.o(.ARM.Collect$$libinit$$00000013)
    __rt_lib_init_lc_monetary_1              0x00000123   Thumb Code     0  libinit2.o(.ARM.Collect$$libinit$$00000015)
    __rt_lib_init_lc_numeric_1               0x00000123   Thumb Code     0  libinit2.o(.ARM.Collect$$libinit$$00000017)
    __rt_lib_init_lc_time_1                  0x00000123   Thumb Code     0  libinit2.o(.ARM.Collect$$libinit$$00000019)
    __rt_lib_init_preinit_1                  0x00000123   Thumb Code     0  libinit2.o(.ARM.Collect$$libinit$$00000004)
    __rt_lib_init_rand_1                     0x00000123   Thumb Code     0  libinit2.o(.ARM.Collect$$libinit$$0000000E)
    __rt_lib_init_return                     0x00000123   Thumb Code     0  libinit2.o(.ARM.Collect$$libinit$$00000033)
    __rt_lib_init_signal_1                   0x00000123   Thumb Code     0  libinit2.o(.ARM.Collect$$libinit$$0000001D)
    __rt_lib_init_stdio_1                    0x00000123   Thumb Code     0  libinit2.o(.ARM.Collect$$libinit$$00000025)
    __rt_lib_init_user_alloc_1               0x00000123   Thumb Code     0  libinit2.o(.ARM.Collect$$libinit$$0000000C)
    __rt_lib_shutdown                        0x00000125   Thumb Code     0  libshutdown.o(.ARM.Collect$$libshutdown$$00000000)
    __rt_lib_shutdown_cpp_1                  0x00000127   Thumb Code     0  libshutdown2.o(.ARM.Collect$$libshutdown$$00000002)
    __rt_lib_shutdown_fp_trap_1              0x00000127   Thumb Code     0  libshutdown2.o(.ARM.Collect$$libshutdown$$00000007)
    __rt_lib_shutdown_heap_1                 0x00000127   Thumb Code     0  libshutdown2.o(.ARM.Collect$$libshutdown$$0000000F)
    __rt_lib_shutdown_return                 0x00000127   Thumb Code     0  libshutdown2.o(.ARM.Collect$$libshutdown$$00000010)
    __rt_lib_shutdown_signal_1               0x00000127   Thumb Code     0  libshutdown2.o(.ARM.Collect$$libshutdown$$0000000A)
    __rt_lib_shutdown_stdio_1                0x00000127   Thumb Code     0  libshutdown2.o(.ARM.Collect$$libshutdown$$00000004)
    __rt_lib_shutdown_user_alloc_1           0x00000127   Thumb Code     0  libshutdown2.o(.ARM.Collect$$libshutdown$$0000000C)
    __rt_entry                               0x00000129   Thumb Code     0  __rtentry.o(.ARM.Collect$$rtentry$$00000000)
    __rt_entry_presh_1                       0x00000129   Thumb Code     0  __rtentry2.o(.ARM.Collect$$rtentry$$00000002)
    __rt_entry_sh                            0x00000129   Thumb Code     0  __rtentry4.o(.ARM.Collect$$rtentry$$00000004)
    __rt_entry_li                            0x0000012f   Thumb Code     0  __rtentry2.o(.ARM.Collect$$rtentry$$0000000A)
    __rt_entry_postsh_1                      0x0000012f   Thumb Code     0  __rtentry2.o(.ARM.Collect$$rtentry$$00000009)
    __rt_entry_main                          0x00000133   Thumb Code     0  __rtentry2.o(.ARM.Collect$$rtentry$$0000000D)
    __rt_entry_postli_1                      0x00000133   Thumb Code     0  __rtentry2.o(.ARM.Collect$$rtentry$$0000000C)
    __rt_exit                                0x0000013b   Thumb Code     0  rtexit.o(.ARM.Collect$$rtexit$$00000000)
    __rt_exit_ls                             0x0000013d   Thumb Code     0  rtexit2.o(.ARM.Collect$$rtexit$$00000003)
    __rt_exit_prels_1                        0x0000013d   Thumb Code     0  rtexit2.o(.ARM.Collect$$rtexit$$00000002)
    __rt_exit_exit                           0x00000141   Thumb Code     0  rtexit2.o(.ARM.Collect$$rtexit$$00000004)
    Reset_Handler                            0x00000149   Thumb Code     8  startup_mkl05z4.o(.text)
    NMI_Handler                              0x00000151   Thumb Code     2  startup_mkl05z4.o(.text)
    HardFault_Handler                        0x00000153   Thumb Code     2  startup_mkl05z4.o(.text)
    SVC_Handler                              0x00000155   Thumb Code     2  startup_mkl05z4.o(.text)
    PendSV_Handler                           0x00000157   Thumb Code     2  startup_mkl05z4.o(.text)
    SysTick_Handler                          0x00000159   Thumb Code     2  startup_mkl05z4.o(.text)
    ADC0_IRQHandler                          0x0000015b   Thumb Code     0  startup_mkl05z4.o(.text)
    CMP0_IRQHandler                          0x0000015b   Thumb Code     0  startup_mkl05z4.o(.text)
    DAC0_IRQHandler                          0x0000015b   Thumb Code     0  startup_mkl05z4.o(.text)
    DMA0_IRQHandler                          0x0000015b   Thumb Code     0  startup_mkl05z4.o(.text)
    DMA1_IRQHandler                          0x0000015b   Thumb Code     0  startup_mkl05z4.o(.text)
    DMA2_IRQHandler                          0x0000015b   Thumb Code     0  startup_mkl05z4.o(.text)
    DMA3_IRQHandler                          0x0000015b   Thumb Code     0  startup_mkl05z4.o(.text)
    DefaultISR                               0x0000015b   Thumb Code     0  startup_mkl05z4.o(.text)
    FTFA_IRQHandler                          0x0000015b   Thumb Code     0  startup_mkl05z4.o(.text)
    I2C0_IRQHandler                          0x0000015b   Thumb Code     0  startup_mkl05z4.o(.text)
    LLW_IRQHandler                           0x0000015b   Thumb Code     0  startup_mkl05z4.o(.text)
    LPTimer_IRQHandler                       0x0000015b   Thumb Code     0  startup_mkl05z4.o(.text)
    LVD_LVW_IRQHandler                       0x0000015b   Thumb Code     0  startup_mkl05z4.o(.text)
    MCG_IRQHandler                           0x0000015b   Thumb Code     0  startup_mkl05z4.o(.text)
    PORTA_IRQHandler                         0x0000015b   Thumb Code     0  startup_mkl05z4.o(.text)
    RTC_IRQHandler                           0x0000015b   Thumb Code     0  startup_mkl05z4.o(.text)
    RTC_Seconds_IRQHandler                   0x0000015b   Thumb Code     0  startup_mkl05z4.o(.text)
    Reserved20_IRQHandler                    0x0000015b   Thumb Code     0  startup_mkl05z4.o(.text)
    Reserved25_IRQHandler                    0x0000015b   Thumb Code     0  startup_mkl05z4.o(.text)
    Reserved27_IRQHandler                    0x0000015b   Thumb Code     0  startup_mkl05z4.o(.text)
    Reserved29_IRQHandler                    0x0000015b   Thumb Code     0  startup_mkl05z4.o(.text)
    Reserved30_IRQHandler                    0x0000015b   Thumb Code     0  startup_mkl05z4.o(.text)
    Reserved35_IRQHandler                    0x0000015b   Thumb Code     0  startup_mkl05z4.o(.text)
    Reserved39_IRQHandler                    0x0000015b   Thumb Code     0  startup_mkl05z4.o(.text)
    Reserved40_IRQHandler                    0x0000015b   Thumb Code     0  startup_mkl05z4.o(.text)
    Reserved45_IRQHandler                    0x0000015b   Thumb Code     0  startup_mkl05z4.o(.text)
    SPI0_IRQHandler                          0x0000015b   Thumb Code     0  startup_mkl05z4.o(.text)
    TPM0_IRQHandler                          0x0000015b   Thumb Code     0  startup_mkl05z4.o(.text)
    TPM1_IRQHandler                          0x0000015b   Thumb Code     0  startup_mkl05z4.o(.text)
    TSI0_IRQHandler                          0x0000015b   Thumb Code     0  startup_mkl05z4.o(.text)
    UART0_IRQHandler                         0x0000015b   Thumb Code     0  startup_mkl05z4.o(.text)
    __user_initial_stackheap                 0x0000015d   Thumb Code     0  startup_mkl05z4.o(.text)
    __use_two_region_memory                  0x0000017d   Thumb Code     2  heapauxi.o(.text)
    __rt_heap_escrow$2region                 0x0000017f   Thumb Code     2  heapauxi.o(.text)
    __rt_heap_expand$2region                 0x00000181   Thumb Code     2  heapauxi.o(.text)
    __aeabi_d2iz                             0x00000185   Thumb Code     0  dfixi.o(.text)
    _dfix                                    0x00000185   Thumb Code    98  dfixi.o(.text)
    __aeabi_i2d_normalise                    0x000001f1   Thumb Code    66  dflti.o(.text)
    __aeabi_i2d                              0x00000233   Thumb Code    16  dflti.o(.text)
    _dflt                                    0x00000233   Thumb Code     0  dflti.o(.text)
    __aeabi_ui2d                             0x00000243   Thumb Code     6  dflti.o(.text)
    _dfltu                                   0x00000243   Thumb Code     0  dflti.o(.text)
    __fpl_dcmp_InfNaN                        0x00000249   Thumb Code   154  dcmpin.o(.text)
    __user_setup_stackheap                   0x000002e9   Thumb Code    62  sys_stackheap_outer.o(.text)
    exit                                     0x00000327   Thumb Code    16  exit.o(.text)
    __fpl_cmpreturn                          0x00000337   Thumb Code    46  cmpret.o(.text)
    __fpl_dcheck_NaN2                        0x00000365   Thumb Code    14  dnan2.o(.text)
    __user_libspace                          0x00000379   Thumb Code     8  libspace.o(.text)
    __user_perproc_libspace                  0x00000379   Thumb Code     0  libspace.o(.text)
    __user_perthread_libspace                0x00000379   Thumb Code     0  libspace.o(.text)
    __fpl_return_NaN                         0x00000381   Thumb Code    94  retnan.o(.text)
    _sys_exit                                0x000003e1   Thumb Code     8  sys_exit.o(.text)
    __I$use$semihosting                      0x000003ed   Thumb Code     0  use_no_semi.o(.text)
    __use_no_semihosting_swi                 0x000003ed   Thumb Code     2  use_no_semi.o(.text)
    __semihosting_library_function           0x000003ef   Thumb Code     0  indicate_semi.o(.text)
    __aeabi_ddiv                             0x00000411   Thumb Code     0  ddiv.o(.text)
    _ddiv                                    0x00000411   Thumb Code  1072  ddiv.o(.text)
    _drdiv                                   0x00000841   Thumb Code    20  ddiv.o(.text)
    __aeabi_dmul                             0x00000859   Thumb Code     0  dmul.o(.text)
    _dmul                                    0x00000859   Thumb Code   558  dmul.o(.text)
    __aeabi_dadd                             0x00000d99   Thumb Code     0  daddsub.o(.text)
    _dadd                                    0x00000d99   Thumb Code    26  daddsub.o(.text)
    __aeabi_dsub                             0x00000db3   Thumb Code     0  daddsub.o(.text)
    _dsub                                    0x00000db3   Thumb Code    22  daddsub.o(.text)
    __aeabi_drsub                            0x00000dc9   Thumb Code     0  daddsub.o(.text)
    _drsb                                    0x00000dc9   Thumb Code    28  daddsub.o(.text)
    Init_DAC                                 0x00000df9   Thumb Code    56  dac.o(.text.Init_DAC)
    PIT_IRQHandler                           0x00000e31   Thumb Code    28  pit.o(.text.PIT_IRQHandler)
    PIT_init                                 0x00000e4d   Thumb Code    92  pit.o(.text.PIT_init)
    PORTB_IRQHandler                         0x00000ea9   Thumb Code   132  ps2.o(.text.PORTB_IRQHandler)
    Ps2_comm_init                            0x00000f2d   Thumb Code    68  ps2.o(.text.Ps2_comm_init)
    SystemInit                               0x00000f71   Thumb Code    76  system_mkl05z4.o(.text.SystemInit)
    assemble_samples                         0x00001015   Thumb Code   224  dsp.o(.text.assemble_samples)
    chck_if_dat_rdy                          0x000010f5   Thumb Code     8  ps2.o(.text.chck_if_dat_rdy)
    convert                                  0x000010fd   Thumb Code    12  dac.o(.text.convert)
    dat_buff_handler                         0x00001109   Thumb Code    84  ps2.o(.text.dat_buff_handler)
    decode_keys                              0x0000115d   Thumb Code   380  dat_prep.o(.text.decode_keys)
    get_dat_buff                             0x000012d9   Thumb Code     8  ps2.o(.text.get_dat_buff)
    get_idx_from_stack                       0x000012e1   Thumb Code    32  dat_prep.o(.text.get_idx_from_stack)
    get_tune_idx_arr                         0x00001301   Thumb Code     4  dat_prep.o(.text.get_tune_idx_arr)
    init_ADC                                 0x00001305   Thumb Code   152  adc.o(.text.init_ADC)
    init_array                               0x0000139d   Thumb Code    72  dat_prep.o(.text.init_array)
    main                                     0x000013e5   Thumb Code    48  main.o(.text.main)
    normalise                                0x00001415   Thumb Code    84  dsp.o(.text.normalise)
    pow2                                     0x00001469   Thumb Code    58  ps2.o(.text.pow2)
    push_idx_to_stack                        0x000014a5   Thumb Code    28  dat_prep.o(.text.push_idx_to_stack)
    reset_data_rdy                           0x000014c1   Thumb Code    12  ps2.o(.text.reset_data_rdy)
    return_measurement                       0x000014cd   Thumb Code    20  adc.o(.text.return_measurement)
    trigger_measure                          0x000014e1   Thumb Code    16  adc.o(.text.trigger_measure)
    floor                                    0x000014f1   Thumb Code   180  floor.o(i.floor)
    __aeabi_cdrcmple                         0x000015b9   Thumb Code     0  drlef.o(x$fpl$drleqf)
    _drcmple                                 0x000015b9   Thumb Code   100  drlef.o(x$fpl$drleqf)
    __I$use$fp                               0x00001620   Number         0  usenofp.o(x$fpl$usenofp)
    Region$$Table$$Base                      0x00007df8   Number         0  anon$$obj.o(Region$$Table)
    Region$$Table$$Limit                     0x00007e08   Number         0  anon$$obj.o(Region$$Table)
    __libspace_start                         0x1ffffc00   Data          96  libspace.o(.bss)
    __temporary_stack_top$libspace           0x1ffffc60   Data           0  libspace.o(.bss)



==============================================================================

Memory Map of the image

  Image Entry point : 0x00000149

  Load Region LR_1 (Base: 0x00000000, Size: 0x00007e08, Max: 0xffffffff, ABSOLUTE)

    Execution Region ER_RO (Exec base: 0x00000000, Load base: 0x00000000, Size: 0x00007e08, Max: 0xffffffff, ABSOLUTE)

    Exec Addr    Load Addr    Size         Type   Attr      Idx    E Section Name        Object

    0x00000000   0x00000000   0x000000c0   Data   RO          132    RESET               startup_mkl05z4.o
    0x000000c0   0x000000c0   0x00000008   Code   RO          167  * !!!main             c_p.l(__main.o)
    0x000000c8   0x000000c8   0x0000003c   Code   RO          368    !!!scatter          c_p.l(__scatter.o)
    0x00000104   0x00000104   0x0000001c   Code   RO          370    !!handler_zi        c_p.l(__scatter_zi.o)
    0x00000120   0x00000120   0x00000002   Code   RO          225    .ARM.Collect$$libinit$$00000000  c_p.l(libinit.o)
    0x00000122   0x00000122   0x00000000   Code   RO          243    .ARM.Collect$$libinit$$00000002  c_p.l(libinit2.o)
    0x00000122   0x00000122   0x00000000   Code   RO          245    .ARM.Collect$$libinit$$00000004  c_p.l(libinit2.o)
    0x00000122   0x00000122   0x00000000   Code   RO          248    .ARM.Collect$$libinit$$0000000A  c_p.l(libinit2.o)
    0x00000122   0x00000122   0x00000000   Code   RO          250    .ARM.Collect$$libinit$$0000000C  c_p.l(libinit2.o)
    0x00000122   0x00000122   0x00000000   Code   RO          252    .ARM.Collect$$libinit$$0000000E  c_p.l(libinit2.o)
    0x00000122   0x00000122   0x00000000   Code   RO          255    .ARM.Collect$$libinit$$00000011  c_p.l(libinit2.o)
    0x00000122   0x00000122   0x00000000   Code   RO          257    .ARM.Collect$$libinit$$00000013  c_p.l(libinit2.o)
    0x00000122   0x00000122   0x00000000   Code   RO          259    .ARM.Collect$$libinit$$00000015  c_p.l(libinit2.o)
    0x00000122   0x00000122   0x00000000   Code   RO          261    .ARM.Collect$$libinit$$00000017  c_p.l(libinit2.o)
    0x00000122   0x00000122   0x00000000   Code   RO          263    .ARM.Collect$$libinit$$00000019  c_p.l(libinit2.o)
    0x00000122   0x00000122   0x00000000   Code   RO          265    .ARM.Collect$$libinit$$0000001B  c_p.l(libinit2.o)
    0x00000122   0x00000122   0x00000000   Code   RO          267    .ARM.Collect$$libinit$$0000001D  c_p.l(libinit2.o)
    0x00000122   0x00000122   0x00000000   Code   RO          269    .ARM.Collect$$libinit$$0000001F  c_p.l(libinit2.o)
    0x00000122   0x00000122   0x00000000   Code   RO          271    .ARM.Collect$$libinit$$00000021  c_p.l(libinit2.o)
    0x00000122   0x00000122   0x00000000   Code   RO          273    .ARM.Collect$$libinit$$00000023  c_p.l(libinit2.o)
    0x00000122   0x00000122   0x00000000   Code   RO          275    .ARM.Collect$$libinit$$00000025  c_p.l(libinit2.o)
    0x00000122   0x00000122   0x00000000   Code   RO          279    .ARM.Collect$$libinit$$0000002C  c_p.l(libinit2.o)
    0x00000122   0x00000122   0x00000000   Code   RO          281    .ARM.Collect$$libinit$$0000002E  c_p.l(libinit2.o)
    0x00000122   0x00000122   0x00000000   Code   RO          283    .ARM.Collect$$libinit$$00000030  c_p.l(libinit2.o)
    0x00000122   0x00000122   0x00000000   Code   RO          285    .ARM.Collect$$libinit$$00000032  c_p.l(libinit2.o)
    0x00000122   0x00000122   0x00000002   Code   RO          286    .ARM.Collect$$libinit$$00000033  c_p.l(libinit2.o)
    0x00000124   0x00000124   0x00000002   Code   RO          323    .ARM.Collect$$libshutdown$$00000000  c_p.l(libshutdown.o)
    0x00000126   0x00000126   0x00000000   Code   RO          351    .ARM.Collect$$libshutdown$$00000002  c_p.l(libshutdown2.o)
    0x00000126   0x00000126   0x00000000   Code   RO          353    .ARM.Collect$$libshutdown$$00000004  c_p.l(libshutdown2.o)
    0x00000126   0x00000126   0x00000000   Code   RO          356    .ARM.Collect$$libshutdown$$00000007  c_p.l(libshutdown2.o)
    0x00000126   0x00000126   0x00000000   Code   RO          359    .ARM.Collect$$libshutdown$$0000000A  c_p.l(libshutdown2.o)
    0x00000126   0x00000126   0x00000000   Code   RO          361    .ARM.Collect$$libshutdown$$0000000C  c_p.l(libshutdown2.o)
    0x00000126   0x00000126   0x00000000   Code   RO          364    .ARM.Collect$$libshutdown$$0000000F  c_p.l(libshutdown2.o)
    0x00000126   0x00000126   0x00000002   Code   RO          365    .ARM.Collect$$libshutdown$$00000010  c_p.l(libshutdown2.o)
    0x00000128   0x00000128   0x00000000   Code   RO          182    .ARM.Collect$$rtentry$$00000000  c_p.l(__rtentry.o)
    0x00000128   0x00000128   0x00000000   Code   RO          193    .ARM.Collect$$rtentry$$00000002  c_p.l(__rtentry2.o)
    0x00000128   0x00000128   0x00000006   Code   RO          205    .ARM.Collect$$rtentry$$00000004  c_p.l(__rtentry4.o)
    0x0000012e   0x0000012e   0x00000000   Code   RO          195    .ARM.Collect$$rtentry$$00000009  c_p.l(__rtentry2.o)
    0x0000012e   0x0000012e   0x00000004   Code   RO          196    .ARM.Collect$$rtentry$$0000000A  c_p.l(__rtentry2.o)
    0x00000132   0x00000132   0x00000000   Code   RO          198    .ARM.Collect$$rtentry$$0000000C  c_p.l(__rtentry2.o)
    0x00000132   0x00000132   0x00000008   Code   RO          199    .ARM.Collect$$rtentry$$0000000D  c_p.l(__rtentry2.o)
    0x0000013a   0x0000013a   0x00000002   Code   RO          234    .ARM.Collect$$rtexit$$00000000  c_p.l(rtexit.o)
    0x0000013c   0x0000013c   0x00000000   Code   RO          294    .ARM.Collect$$rtexit$$00000002  c_p.l(rtexit2.o)
    0x0000013c   0x0000013c   0x00000004   Code   RO          295    .ARM.Collect$$rtexit$$00000003  c_p.l(rtexit2.o)
    0x00000140   0x00000140   0x00000006   Code   RO          296    .ARM.Collect$$rtexit$$00000004  c_p.l(rtexit2.o)
    0x00000146   0x00000146   0x00000002   PAD
    0x00000148   0x00000148   0x00000034   Code   RO          134  * .text               startup_mkl05z4.o
    0x0000017c   0x0000017c   0x00000006   Code   RO          165    .text               c_p.l(heapauxi.o)
    0x00000182   0x00000182   0x00000002   PAD
    0x00000184   0x00000184   0x0000006c   Code   RO          172    .text               fz_ps.l(dfixi.o)
    0x000001f0   0x000001f0   0x00000058   Code   RO          174    .text               fz_ps.l(dflti.o)
    0x00000248   0x00000248   0x000000a0   Code   RO          209    .text               fz_ps.l(dcmpin.o)
    0x000002e8   0x000002e8   0x0000003e   Code   RO          211    .text               c_p.l(sys_stackheap_outer.o)
    0x00000326   0x00000326   0x00000010   Code   RO          214    .text               c_p.l(exit.o)
    0x00000336   0x00000336   0x0000002e   Code   RO          226    .text               fz_ps.l(cmpret.o)
    0x00000364   0x00000364   0x00000014   Code   RO          228    .text               fz_ps.l(dnan2.o)
    0x00000378   0x00000378   0x00000008   Code   RO          230    .text               c_p.l(libspace.o)
    0x00000380   0x00000380   0x0000005e   Code   RO          287    .text               fz_ps.l(retnan.o)
    0x000003de   0x000003de   0x00000002   PAD
    0x000003e0   0x000003e0   0x0000000c   Code   RO          289    .text               c_p.l(sys_exit.o)
    0x000003ec   0x000003ec   0x00000002   Code   RO          312    .text               c_p.l(use_no_semi.o)
    0x000003ee   0x000003ee   0x00000000   Code   RO          314    .text               c_p.l(indicate_semi.o)
    0x000003ee   0x000003ee   0x00000002   PAD
    0x000003f0   0x000003f0   0x00000010   Code   RO           23    .text.__NVIC_ClearPendingIRQ  ps2.o
    0x00000400   0x00000400   0x00000010   Code   RO          133    .ARM.__at_0x400     startup_mkl05z4.o
    0x00000410   0x00000410   0x00000448   Code   RO          169    .text               fz_ps.l(ddiv.o)
    0x00000858   0x00000858   0x00000248   Code   RO          176    .text               fz_ps.l(dmul.o)
    0x00000aa0   0x00000aa0   0x00000358   Code   RO          187    .text               fz_ps.l(daddsub.o)
    0x00000df8   0x00000df8   0x00000038   Code   RO           47    .text.Init_DAC      dac.o
    0x00000e30   0x00000e30   0x0000001c   Code   RO          107    .text.PIT_IRQHandler  pit.o
    0x00000e4c   0x00000e4c   0x0000005c   Code   RO           99    .text.PIT_init      pit.o
    0x00000ea8   0x00000ea8   0x00000084   Code   RO           29    .text.PORTB_IRQHandler  ps2.o
    0x00000f2c   0x00000f2c   0x00000044   Code   RO           21    .text.Ps2_comm_init  ps2.o
    0x00000f70   0x00000f70   0x0000004c   Code   RO          143    .text.SystemInit    system_mkl05z4.o
    0x00000fbc   0x00000fbc   0x00000010   Code   RO          101    .text.__NVIC_ClearPendingIRQ  pit.o
    0x00000fcc   0x00000fcc   0x0000000c   Code   RO           27    .text.__NVIC_EnableIRQ  ps2.o
    0x00000fd8   0x00000fd8   0x00000010   Code   RO          105    .text.__NVIC_EnableIRQ  pit.o
    0x00000fe8   0x00000fe8   0x00000014   Code   RO           25    .text.__NVIC_SetPriority  ps2.o
    0x00000ffc   0x00000ffc   0x00000018   Code   RO          103    .text.__NVIC_SetPriority  pit.o
    0x00001014   0x00001014   0x000000e0   Code   RO           81    .text.assemble_samples  dsp.o
    0x000010f4   0x000010f4   0x00000008   Code   RO           17    .text.chck_if_dat_rdy  ps2.o
    0x000010fc   0x000010fc   0x0000000c   Code   RO           49    .text.convert       dac.o
    0x00001108   0x00001108   0x00000054   Code   RO           11    .text.dat_buff_handler  ps2.o
    0x0000115c   0x0000115c   0x0000017c   Code   RO           67    .text.decode_keys   dat_prep.o
    0x000012d8   0x000012d8   0x00000008   Code   RO           31    .text.get_dat_buff  ps2.o
    0x000012e0   0x000012e0   0x00000020   Code   RO           61    .text.get_idx_from_stack  dat_prep.o
    0x00001300   0x00001300   0x00000004   Code   RO           65    .text.get_tune_idx_arr  dat_prep.o
    0x00001304   0x00001304   0x00000098   Code   RO          117    .text.init_ADC      adc.o
    0x0000139c   0x0000139c   0x00000048   Code   RO           59    .text.init_array    dat_prep.o
    0x000013e4   0x000013e4   0x00000030   Code   RO            2    .text.main          main.o
    0x00001414   0x00001414   0x00000054   Code   RO           83    .text.normalise     dsp.o
    0x00001468   0x00001468   0x0000003a   Code   RO           13    .text.pow2          ps2.o
    0x000014a2   0x000014a2   0x00000002   PAD
    0x000014a4   0x000014a4   0x0000001c   Code   RO           63    .text.push_idx_to_stack  dat_prep.o
    0x000014c0   0x000014c0   0x0000000c   Code   RO           15    .text.reset_data_rdy  ps2.o
    0x000014cc   0x000014cc   0x00000014   Code   RO          121    .text.return_measurement  adc.o
    0x000014e0   0x000014e0   0x00000010   Code   RO          119    .text.trigger_measure  adc.o
    0x000014f0   0x000014f0   0x000000c8   Code   RO          179    i.floor             m_ps.l(floor.o)
    0x000015b8   0x000015b8   0x00000068   Code   RO          189    x$fpl$drleqf        fz_ps.l(drlef.o)
    0x00001620   0x00001620   0x00000000   Code   RO          191    x$fpl$usenofp       fz_ps.l(usenofp.o)
    0x00001620   0x00001620   0x00000080   Data   RO          170    .constdata          fz_ps.l(ddiv.o)
    0x000016a0   0x000016a0   0x00006757   Data   RO           89    .rodata.sounds      dsp.o
    0x00007df7   0x00007df7   0x00000001   PAD
    0x00007df8   0x00007df8   0x00000010   Data   RO          367    Region$$Table       anon$$obj.o


    Execution Region ER_RW (Exec base: 0x1ffffc00, Load base: 0x00007e08, Size: 0x00000000, Max: 0xffffffff, ABSOLUTE)

    **** No section assigned to this execution region ****


    Execution Region ER_ZI (Exec base: 0x1ffffc00, Load base: 0x00007e08, Size: 0x000003a0, Max: 0xffffffff, ABSOLUTE)

    Exec Addr    Load Addr    Size         Type   Attr      Idx    E Section Name        Object

    0x1ffffc00        -       0x00000060   Zero   RW          231    .bss                c_p.l(libspace.o)
    0x1ffffc60        -       0x00000001   Zero   RW           37    .bss.bit_idx        ps2.o
    0x1ffffc61        -       0x00000001   Zero   RW           35    .bss.data           ps2.o
    0x1ffffc62        -       0x0000000a   Zero   RW           34    .bss.data_buffer    ps2.o
    0x1ffffc6c        -       0x00000001   Zero   RW           33    .bss.data_buffer_offset  ps2.o
    0x1ffffc6d        -       0x0000000b   Zero   RW           38    .bss.data_frame     ps2.o
    0x1ffffc78        -       0x00000001   Zero   RW           36    .bss.data_ready     ps2.o
    0x1ffffc79        -       0x0000000a   Zero   RW           69    .bss.idx_of_track_arr  dat_prep.o
    0x1ffffc83        -       0x0000000a   Zero   RW           70    .bss.key_make_code  dat_prep.o
    0x1ffffc8d   0x00007e08   0x00000001   PAD
    0x1ffffc8e        -       0x00000002   Zero   RW           90    .bss.sample_counter  dsp.o
    0x1ffffc90        -       0x00000001   Zero   RW           72    .bss.stack_ptr      dat_prep.o
    0x1ffffc91        -       0x0000000a   Zero   RW           71    .bss.track_available_idx_stack  dat_prep.o
    0x1ffffc9b   0x00007e08   0x00000001   PAD
    0x1ffffc9c        -       0x00000004   Zero   RW          109    .bss.tune_idx_arr   pit.o
    0x1ffffca0        -       0x00000000   Zero   RW          131    HEAP                startup_mkl05z4.o
    0x1ffffca0        -       0x00000300   Zero   RW          130    STACK               startup_mkl05z4.o


==============================================================================

Image component sizes


      Code (inc. data)   RO Data    RW Data    ZI Data      Debug   Object Name

       188         16          0          0          0       2448   adc.o
        68         12          0          0          0       1980   dac.o
       516         16          0          0         31       2038   dat_prep.o
       308         16      26455          0          2       1785   dsp.o
        48          0          0          0          0        534   main.o
       176         36          0          0          4       3633   pit.o
       418         52          0          0         25       4798   ps2.o
        68         38        192          0        768        848   startup_mkl05z4.o
        76         16          0          0          0       2333   system_mkl05z4.o

    ----------------------------------------------------------------------
      1868        202      26664          0        832      20397   Object Totals
         0          0         16          0          0          0   (incl. Generated)
         2          0          1          0          2          0   (incl. Padding)

    ----------------------------------------------------------------------

      Code (inc. data)   RO Data    RW Data    ZI Data      Debug   Library Member Name

         8          0          0          0          0         68   __main.o
         0          0          0          0          0          0   __rtentry.o
        12          0          0          0          0          0   __rtentry2.o
         6          0          0          0          0          0   __rtentry4.o
        60          8          0          0          0          0   __scatter.o
        28          0          0          0          0          0   __scatter_zi.o
        16          0          0          0          0         68   exit.o
         6          0          0          0          0        136   heapauxi.o
         0          0          0          0          0          0   indicate_semi.o
         2          0          0          0          0          0   libinit.o
         2          0          0          0          0          0   libinit2.o
         2          0          0          0          0          0   libshutdown.o
         2          0          0          0          0          0   libshutdown2.o
         8          4          0          0         96         68   libspace.o
         2          0          0          0          0          0   rtexit.o
        10          0          0          0          0          0   rtexit2.o
        12          4          0          0          0         60   sys_exit.o
        62          0          0          0          0         80   sys_stackheap_outer.o
         2          0          0          0          0         68   use_no_semi.o
        46          0          0          0          0         60   cmpret.o
       856         20          0          0          0        208   daddsub.o
       160          6          0          0          0         76   dcmpin.o
      1096         26        128          0          0        112   ddiv.o
       108         10          0          0          0         72   dfixi.o
        88          0          0          0          0         92   dflti.o
       584         26          0          0          0         84   dmul.o
        20          6          0          0          0         68   dnan2.o
       104          4          0          0          0        104   drlef.o
        94          0          0          0          0         68   retnan.o
         0          0          0          0          0          0   usenofp.o
       200         20          0          0          0         76   floor.o

    ----------------------------------------------------------------------
      3604        134        128          0         96       1568   Library Totals
         8          0          0          0          0          0   (incl. Padding)

    ----------------------------------------------------------------------

      Code (inc. data)   RO Data    RW Data    ZI Data      Debug   Library Name

       240         16          0          0         96        548   c_p.l
      3156         98        128          0          0        944   fz_ps.l
       200         20          0          0          0         76   m_ps.l

    ----------------------------------------------------------------------
      3604        134        128          0         96       1568   Library Totals

    ----------------------------------------------------------------------

==============================================================================


      Code (inc. data)   RO Data    RW Data    ZI Data      Debug   

      5472        336      26792          0        928      21201   Grand Totals
      5472        336      26792          0        928      21201   ELF Image Totals
      5472        336      26792          0          0          0   ROM Totals

==============================================================================

    Total RO  Size (Code + RO Data)                32264 (  31.51kB)
    Total RW  Size (RW Data + ZI Data)               928 (   0.91kB)
    Total ROM Size (Code + RO Data + RW Data)      32264 (  31.51kB)

==============================================================================

